Component: ARM Compiler 5.05 update 1 (build 106) Tool: armlink [4d0efa]

==============================================================================

Section Cross References

    main.o(.text) refers to _printf_percent.o(.ARM.Collect$$_printf_percent$$00000000) for _printf_percent
    main.o(.text) refers to _printf_s.o(.ARM.Collect$$_printf_percent$$00000014) for _printf_s
    main.o(.text) refers to _printf_str.o(.text) for _printf_str
    main.o(.text) refers to _printf_d.o(.ARM.Collect$$_printf_percent$$00000009) for _printf_d
    main.o(.text) refers to _printf_dec.o(.text) for _printf_int_dec
    main.o(.text) refers to stm32f4xx_rcc.o(.text) for RCC_AHB1PeriphClockCmd
    main.o(.text) refers to stm32f4xx_gpio.o(.text) for GPIO_Init
    main.o(.text) refers to rt_memcpy_w.o(.text) for __aeabi_memcpy4
    main.o(.text) refers to usart.o(.text) for uart_init
    main.o(.text) refers to usart3.o(.text) for usart3_init
    main.o(.text) refers to misc.o(.text) for NVIC_PriorityGroupConfig
    main.o(.text) refers to delay.o(.text) for delay_init
    main.o(.text) refers to led.o(.text) for LED_Init
    main.o(.text) refers to key.o(.text) for KEY_Init
    main.o(.text) refers to timer.o(.text) for GPIO_INIT
    main.o(.text) refers to lcd.o(.text) for LCD_Init
    main.o(.text) refers to hc05.o(.text) for HC05_Init
    main.o(.text) refers to stm32f4xx_tim.o(.text) for TIM_SetCompare1
    main.o(.text) refers to __2printf.o(.text) for __2printf
    main.o(.text) refers to main.o(.constdata) for .constdata
    main.o(.text) refers to usmart_config.o(.data) for usmart_dev
    main.o(.text) refers to lcd.o(.data) for POINT_COLOR
    main.o(.text) refers to usart3.o(.data) for USART3_RX_STA
    main.o(.text) refers to usart3.o(.bss) for USART3_RX_BUF
    main.o(.text) refers to usart.o(.data) for X
    system_stm32f4xx.o(.text) refers to system_stm32f4xx.o(.data) for SystemCoreClock
    led.o(.text) refers to stm32f4xx_rcc.o(.text) for RCC_AHB1PeriphClockCmd
    led.o(.text) refers to stm32f4xx_gpio.o(.text) for GPIO_Init
    key.o(.text) refers to stm32f4xx_rcc.o(.text) for RCC_AHB1PeriphClockCmd
    key.o(.text) refers to stm32f4xx_gpio.o(.text) for GPIO_Init
    key.o(.text) refers to delay.o(.text) for delay_ms
    key.o(.text) refers to key.o(.data) for key_up
    lcd.o(.text) refers to _printf_percent.o(.ARM.Collect$$_printf_percent$$00000000) for _printf_percent
    lcd.o(.text) refers to _printf_x.o(.ARM.Collect$$_printf_percent$$0000000C) for _printf_x
    lcd.o(.text) refers to _printf_hex_int_ll_ptr.o(.text) for _printf_longlong_hex
    lcd.o(.text) refers to delay.o(.text) for delay_us
    lcd.o(.text) refers to lcd.o(.bss) for lcddev
    lcd.o(.text) refers to lcd.o(.data) for POINT_COLOR
    lcd.o(.text) refers to dflt_clz.o(x$fpl$dfltu) for __aeabi_ui2d
    lcd.o(.text) refers to dmul.o(x$fpl$dmul) for __aeabi_dmul
    lcd.o(.text) refers to dfixu.o(x$fpl$dfixu) for __aeabi_d2uiz
    lcd.o(.text) refers to stm32f4xx_rcc.o(.text) for RCC_AHB1PeriphClockCmd
    lcd.o(.text) refers to stm32f4xx_gpio.o(.text) for GPIO_Init
    lcd.o(.text) refers to stm32f4xx_fsmc.o(.text) for FSMC_NORSRAMInit
    lcd.o(.text) refers to __2printf.o(.text) for __2printf
    lcd.o(.text) refers to lcd.o(.constdata) for asc2_1206
    timer.o(.text) refers to stm32f4xx_tim.o(.text) for TIM_GetITStatus
    timer.o(.text) refers to stm32f4xx_rcc.o(.text) for RCC_APB1PeriphClockCmd
    timer.o(.text) refers to misc.o(.text) for NVIC_Init
    timer.o(.text) refers to stm32f4xx_gpio.o(.text) for GPIO_Init
    timer.o(.text) refers to usart3.o(.data) for USART3_RX_STA
    usart3.o(.text) refers to stm32f4xx_usart.o(.text) for USART_GetITStatus
    usart3.o(.text) refers to stm32f4xx_tim.o(.text) for TIM_SetCounter
    usart3.o(.text) refers to stm32f4xx_rcc.o(.text) for RCC_AHB1PeriphClockCmd
    usart3.o(.text) refers to stm32f4xx_gpio.o(.text) for GPIO_Init
    usart3.o(.text) refers to misc.o(.text) for NVIC_Init
    usart3.o(.text) refers to timer.o(.text) for TIM7_Int_Init
    usart3.o(.text) refers to c89vsprintf.o(.text) for __c89vsprintf
    usart3.o(.text) refers to strlen.o(.text) for strlen
    usart3.o(.text) refers to usart3.o(.data) for USART3_RX_STA
    usart3.o(.text) refers to usart3.o(.bss) for USART3_RX_BUF
    hc05.o(.text) refers to _printf_percent.o(.ARM.Collect$$_printf_percent$$00000000) for _printf_percent
    hc05.o(.text) refers to _printf_s.o(.ARM.Collect$$_printf_percent$$00000014) for _printf_s
    hc05.o(.text) refers to _printf_str.o(.text) for _printf_str
    hc05.o(.text) refers to stm32f4xx_rcc.o(.text) for RCC_AHB1PeriphClockCmd
    hc05.o(.text) refers to stm32f4xx_gpio.o(.text) for GPIO_Init
    hc05.o(.text) refers to usart3.o(.text) for usart3_init
    hc05.o(.text) refers to delay.o(.text) for delay_ms
    hc05.o(.text) refers to __2printf.o(.text) for __2printf
[...]
    .conststring                             0x0800c89c   Section       40  usmart.o(.conststring)
    .conststring                             0x0800c8c4   Section      111  usmart_config.o(.conststring)
    locale$$data                             0x0800c954   Section       28  lc_numeric_c.o(locale$$data)
    __lcnum_c_name                           0x0800c958   Data           2  lc_numeric_c.o(locale$$data)
    __lcnum_c_start                          0x0800c960   Data           0  lc_numeric_c.o(locale$$data)
    __lcnum_c_point                          0x0800c96c   Data           0  lc_numeric_c.o(locale$$data)
    __lcnum_c_thousands                      0x0800c96e   Data           0  lc_numeric_c.o(locale$$data)
    __lcnum_c_grouping                       0x0800c96f   Data           0  lc_numeric_c.o(locale$$data)
    locale$$data                             0x0800c970   Section      272  lc_ctype_c.o(locale$$data)
    __lcnum_c_end                            0x0800c970   Data           0  lc_numeric_c.o(locale$$data)
    __lcctype_c_name                         0x0800c974   Data           2  lc_ctype_c.o(locale$$data)
    __lcctype_c_start                        0x0800c97c   Data           0  lc_ctype_c.o(locale$$data)
    __lcctype_c_end                          0x0800ca80   Data           0  lc_ctype_c.o(locale$$data)
    .data                                    0x20000000   Section       20  system_stm32f4xx.o(.data)
    .data                                    0x20000014   Section        1  key.o(.data)
    key_up                                   0x20000014   Data           1  key.o(.data)
    .data                                    0x20000016   Section        4  lcd.o(.data)
    .data                                    0x2000001a   Section        2  usart3.o(.data)
    .data                                    0x2000001c   Section        4  delay.o(.data)
    fac_us                                   0x2000001c   Data           1  delay.o(.data)
    fac_ms                                   0x2000001e   Data           2  delay.o(.data)
    .data                                    0x20000020   Section       10  usart.o(.data)
    _data_cnt                                0x20000028   Data           1  usart.o(.data)
    state                                    0x20000029   Data           1  usart.o(.data)
    .data                                    0x2000002a   Section       16  stm32f4xx_rcc.o(.data)
    APBAHBPrescTable                         0x2000002a   Data          16  stm32f4xx_rcc.o(.data)
    .data                                    0x2000003c   Section       28  usmart.o(.data)
    .data                                    0x20000058   Section      276  usmart_config.o(.data)
    .bss                                     0x2000016c   Section       14  lcd.o(.bss)
    .bss                                     0x20000180   Section      800  usart3.o(.bss)
    .bss                                     0x200004a0   Section      210  usart.o(.bss)
    RxBuffer                                 0x20000568   Data          10  usart.o(.bss)
    .bss                                     0x20000574   Section       96  libspace.o(.bss)
    HEAP                                     0x200005d8   Section      512  startup_stm32f40_41xxx.o(HEAP)
    Heap_Mem                                 0x200005d8   Data         512  startup_stm32f40_41xxx.o(HEAP)
    STACK                                    0x200007d8   Section     1024  startup_stm32f40_41xxx.o(STACK)
    Stack_Mem                                0x200007d8   Data        1024  startup_stm32f40_41xxx.o(STACK)
    __initial_sp                             0x20000bd8   Data           0  startup_stm32f40_41xxx.o(STACK)

    Global Symbols

    Symbol Name                              Value     Ov Type        Size  Object(Section)

    BuildAttributes$$THM_ISAv4$E$P$D$K$B$S$7EM$VFPi3$EXTD16$VFPS$VFMA$PE$A:L22UL41UL21$X:L11$S22US41US21$IEEE1$IW$USESV6$~STKCKD$USESV7$~SHL$OTIME$ROPI$IEEEJ$EBA8$UX$STANDARDLIB$REQ8$PRES8$EABIv2 0x00000000   Number         0  anon$$obj.o ABSOLUTE
    __ARM_use_no_argv                        0x00000000   Number         0  main.o ABSOLUTE
    _printf_flags                            0x00000000   Number         0  printf_stubs.o ABSOLUTE
    _printf_return_value                     0x00000000   Number         0  printf_stubs.o ABSOLUTE
    _printf_sizespec                         0x00000000   Number         0  printf_stubs.o ABSOLUTE
    _printf_widthprec                        0x00000000   Number         0  printf_stubs.o ABSOLUTE
    __ARM_exceptions_init                     - Undefined Weak Reference
    __alloca_initialize                       - Undefined Weak Reference
    __arm_preinit_                            - Undefined Weak Reference
    __cpp_initialize__aeabi_                  - Undefined Weak Reference
    __cxa_finalize                            - Undefined Weak Reference
    __sigvec_lookup                           - Undefined Weak Reference
    _atexit_init                              - Undefined Weak Reference
    _call_atexit_fns                          - Undefined Weak Reference
    _clock_init                               - Undefined Weak Reference
    _fp_trap_init                             - Undefined Weak Reference
    _fp_trap_shutdown                         - Undefined Weak Reference
    _get_lc_collate                           - Undefined Weak Reference
    _get_lc_monetary                          - Undefined Weak Reference
    _get_lc_time                              - Undefined Weak Reference
    _getenv_init                              - Undefined Weak Reference
    _handle_redirection                       - Undefined Weak Reference
    _init_alloc                               - Undefined Weak Reference
    _init_user_alloc                          - Undefined Weak Reference
    _initio                                   - Undefined Weak Reference
    _mutex_acquire                            - Undefined Weak Reference
    _mutex_release                            - Undefined Weak Reference
    _printf_fp_hex                            - Undefined Weak Reference
    _printf_mbtowc                            - Undefined Weak Reference
    _printf_wc                                - Undefined Weak Reference
    _rand_init                                - Undefined Weak Reference
    _signal_finish                            - Undefined Weak Reference
    _signal_init                              - Undefined Weak Reference
    _terminate_alloc                          - Undefined Weak Reference
    _terminate_user_alloc                     - Undefined Weak Reference
    _terminateio                              - Undefined Weak Reference
    __Vectors_Size                           0x00000188   Number         0  startup_stm32f40_41xxx.o ABSOLUTE
    __Vectors                                0x08000000   Data           4  startup_stm32f40_41xxx.o(RESET)
    __Vectors_End                            0x08000188   Data           0  startup_stm32f40_41xxx.o(RESET)
    __main                                   0x08000189   Thumb Code     8  __main.o(!!!main)
    __scatterload                            0x08000191   Thumb Code     0  __scatter.o(!!!scatter)
    __scatterload_rt2                        0x08000191   Thumb Code    44  __scatter.o(!!!scatter)
    __scatterload_rt2_thumb_only             0x08000191   Thumb Code     0  __scatter.o(!!!scatter)
    __scatterload_null                       0x0800019f   Thumb Code     0  __scatter.o(!!!scatter)
    __decompress                             0x080001c5   Thumb Code    90  __dczerorl2.o(!!dczerorl2)
    __decompress1                            0x080001c5   Thumb Code     0  __dczerorl2.o(!!dczerorl2)
    __scatterload_zeroinit                   0x08000221   Thumb Code    28  __scatter_zi.o(!!handler_zi)
    _printf_n                                0x0800023d   Thumb Code     0  _printf_n.o(.ARM.Collect$$_printf_percent$$00000001)
    _printf_percent                          0x0800023d   Thumb Code     0  _printf_percent.o(.ARM.Collect$$_printf_percent$$00000000)
    _printf_p                                0x08000243   Thumb Code     0  _printf_p.o(.ARM.Collect$$_printf_percent$$00000002)
    _printf_f                                0x08000249   Thumb Code     0  _printf_f.o(.ARM.Collect$$_printf_percent$$00000003)
    _printf_e                                0x0800024f   Thumb Code     0  _printf_e.o(.ARM.Collect$$_printf_percent$$00000004)
    _printf_g                                0x08000255   Thumb Code     0  _printf_g.o(.ARM.Collect$$_printf_percent$$00000005)
    _printf_a                                0x0800025b   Thumb Code     0  _printf_a.o(.ARM.Collect$$_printf_percent$$00000006)
    _printf_ll                               0x08000261   Thumb Code     0  _printf_ll.o(.ARM.Collect$$_printf_percent$$00000007)
    _printf_i                                0x0800026b   Thumb Code     0  _printf_i.o(.ARM.Collect$$_printf_percent$$00000008)
    _printf_d                                0x08000271   Thumb Code     0  _printf_d.o(.ARM.Collect$$_printf_percent$$00000009)
    _printf_u                                0x08000277   Thumb Code     0  _printf_u.o(.ARM.Collect$$_printf_percent$$0000000A)
    _printf_o                                0x0800027d   Thumb Code     0  _printf_o.o(.ARM.Collect$$_printf_percent$$0000000B)
    _printf_x                                0x08000283   Thumb Code     0  _printf_x.o(.ARM.Collect$$_printf_percent$$0000000C)
    _printf_lli                              0x08000289   Thumb Code     0  _printf_lli.o(.ARM.Collect$$_printf_percent$$0000000D)
    _printf_lld                              0x0800028f   Thumb Code     0  _printf_lld.o(.ARM.Collect$$_printf_percent$$0000000E)
    _printf_llu                              0x08000295   Thumb Code     0  _printf_llu.o(.ARM.Collect$$_printf_percent$$0000000F)
    _printf_llo                              0x0800029b   Thumb Code     0  _printf_llo.o(.ARM.Collect$$_printf_percent$$00000010)
    _printf_llx                              0x080002a1   Thumb Code     0  _printf_llx.o(.ARM.Collect$$_printf_percent$$00000011)
    _printf_l                                0x080002a7   Thumb Code     0  _printf_l.o(.ARM.Collect$$_printf_percent$$00000012)
    _printf_c                                0x080002b1   Thumb Code     0  _printf_c.o(.ARM.Collect$$_printf_percent$$00000013)
    _printf_s                                0x080002b7   Thumb Code     0  _printf_s.o(.ARM.Collect$$_printf_percent$$00000014)
    _printf_lc                               0x080002bd   Thumb Code     0  _printf_lc.o(.ARM.Collect$$_printf_percent$$00000015)
    _printf_ls                               0x080002c3   Thumb Code     0  _printf_ls.o(.ARM.Collect$$_printf_percent$$00000016)
    _printf_percent_end                      0x080002c9   Thumb Code     0  _printf_percent_end.o(.ARM.Collect$$_printf_percent$$00000017)
    __rt_lib_init                            0x080002cd   Thumb Code     0  libinit.o(.ARM.Collect$$libinit$$00000000)
    __rt_lib_init_fp_1                       0x080002cf   Thumb Code     0  libinit2.o(.ARM.Collect$$libinit$$00000001)
    __rt_lib_init_heap_1                     0x080002d3   Thumb Code     0  libinit2.o(.ARM.Collect$$libinit$$0000000A)
    __rt_lib_init_lc_common                  0x080002d3   Thumb Code     0  libinit2.o(.ARM.Collect$$libinit$$0000000F)
    __rt_lib_init_preinit_1                  0x080002d3   Thumb Code     0  libinit2.o(.ARM.Collect$$libinit$$00000004)
    __rt_lib_init_rand_1                     0x080002d3   Thumb Code     0  libinit2.o(.ARM.Collect$$libinit$$0000000E)
    __rt_lib_init_user_alloc_1               0x080002d3   Thumb Code     0  libinit2.o(.ARM.Collect$$libinit$$0000000C)
    __rt_lib_init_lc_collate_1               0x080002d9   Thumb Code     0  libinit2.o(.ARM.Collect$$libinit$$00000011)
    __rt_lib_init_lc_ctype_2                 0x080002d9   Thumb Code     0  libinit2.o(.ARM.Collect$$libinit$$00000012)
    __rt_lib_init_lc_ctype_1                 0x080002e5   Thumb Code     0  libinit2.o(.ARM.Collect$$libinit$$00000013)
    __rt_lib_init_lc_monetary_1              0x080002e5   Thumb Code     0  libinit2.o(.ARM.Collect$$libinit$$00000015)
    __rt_lib_init_lc_numeric_2               0x080002e5   Thumb Code     0  libinit2.o(.ARM.Collect$$libinit$$00000016)
    __rt_lib_init_alloca_1                   0x080002ef   Thumb Code     0  libinit2.o(.ARM.Collect$$libinit$$0000002E)
    __rt_lib_init_argv_1                     0x080002ef   Thumb Code     0  libinit2.o(.ARM.Collect$$libinit$$0000002C)
    __rt_lib_init_atexit_1                   0x080002ef   Thumb Code     0  libinit2.o(.ARM.Collect$$libinit$$0000001B)
    __rt_lib_init_clock_1                    0x080002ef   Thumb Code     0  libinit2.o(.ARM.Collect$$libinit$$00000021)
    __rt_lib_init_cpp_1                      0x080002ef   Thumb Code     0  libinit2.o(.ARM.Collect$$libinit$$00000032)
    __rt_lib_init_exceptions_1               0x080002ef   Thumb Code     0  libinit2.o(.ARM.Collect$$libinit$$00000030)
    __rt_lib_init_fp_trap_1                  0x080002ef   Thumb Code     0  libinit2.o(.ARM.Collect$$libinit$$0000001F)
    __rt_lib_init_getenv_1                   0x080002ef   Thumb Code     0  libinit2.o(.ARM.Collect$$libinit$$00000023)
    __rt_lib_init_lc_numeric_1               0x080002ef   Thumb Code     0  libinit2.o(.ARM.Collect$$libinit$$00000017)
    __rt_lib_init_lc_time_1                  0x080002ef   Thumb Code     0  libinit2.o(.ARM.Collect$$libinit$$00000019)
    __rt_lib_init_return                     0x080002ef   Thumb Code     0  libinit2.o(.ARM.Collect$$libinit$$00000033)
    __rt_lib_init_signal_1                   0x080002ef   Thumb Code     0  libinit2.o(.ARM.Collect$$libinit$$0000001D)
    __rt_lib_init_stdio_1                    0x080002ef   Thumb Code     0  libinit2.o(.ARM.Collect$$libinit$$00000025)
    __rt_lib_shutdown                        0x080002f1   Thumb Code     0  libshutdown.o(.ARM.Collect$$libshutdown$$00000000)
    __rt_lib_shutdown_fp_trap_1              0x080002f3   Thumb Code     0  libshutdown2.o(.ARM.Collect$$libshutdown$$00000006)
    __rt_lib_shutdown_heap_1                 0x080002f3   Thumb Code     0  libshutdown2.o(.ARM.Collect$$libshutdown$$0000000E)
    __rt_lib_shutdown_return                 0x080002f3   Thumb Code     0  libshutdown2.o(.ARM.Collect$$libshutdown$$0000000F)
    __rt_lib_shutdown_signal_1               0x080002f3   Thumb Code     0  libshutdown2.o(.ARM.Collect$$libshutdown$$00000009)
    __rt_lib_shutdown_stdio_1                0x080002f3   Thumb Code     0  libshutdown2.o(.ARM.Collect$$libshutdown$$00000003)
    __rt_lib_shutdown_user_alloc_1           0x080002f3   Thumb Code     0  libshutdown2.o(.ARM.Collect$$libshutdown$$0000000B)
    __rt_entry                               0x080002f5   Thumb Code     0  __rtentry.o(.ARM.Collect$$rtentry$$00000000)
    __rt_entry_presh_1                       0x080002f5   Thumb Code     0  __rtentry2.o(.ARM.Collect$$rtentry$$00000002)
    __rt_entry_sh                            0x080002f5   Thumb Code     0  __rtentry4.o(.ARM.Collect$$rtentry$$00000004)
    __rt_entry_li                            0x080002fb   Thumb Code     0  __rtentry2.o(.ARM.Collect$$rtentry$$0000000A)
    __rt_entry_postsh_1                      0x080002fb   Thumb Code     0  __rtentry2.o(.ARM.Collect$$rtentry$$00000009)
    __rt_entry_main                          0x080002ff   Thumb Code     0  __rtentry2.o(.ARM.Collect$$rtentry$$0000000D)
    __rt_entry_postli_1                      0x080002ff   Thumb Code     0  __rtentry2.o(.ARM.Collect$$rtentry$$0000000C)
    __rt_exit                                0x08000307   Thumb Code     0  rtexit.o(.ARM.Collect$$rtexit$$00000000)
    __rt_exit_ls                             0x08000309   Thumb Code     0  rtexit2.o(.ARM.Collect$$rtexit$$00000003)
    __rt_exit_prels_1                        0x08000309   Thumb Code     0  rtexit2.o(.ARM.Collect$$rtexit$$00000002)
    __rt_exit_exit                           0x0800030d   Thumb Code     0  rtexit2.o(.ARM.Collect$$rtexit$$00000004)
    GPIO_INIT2                               0x08000315   Thumb Code    54  main.o(.text)
    main                                     0x0800034b   Thumb Code  1996  main.o(.text)
    NMI_Handler                              0x08000b59   Thumb Code     2  stm32f4xx_it.o(.text)
    HardFault_Handler                        0x08000b5b   Thumb Code     4  stm32f4xx_it.o(.text)
    MemManage_Handler                        0x08000b5f   Thumb Code     4  stm32f4xx_it.o(.text)
    BusFault_Handler                         0x08000b63   Thumb Code     4  stm32f4xx_it.o(.text)
    UsageFault_Handler                       0x08000b67   Thumb Code     4  stm32f4xx_it.o(.text)
    SVC_Handler                              0x08000b6b   Thumb Code     2  stm32f4xx_it.o(.text)
    DebugMon_Handler                         0x08000b6d   Thumb Code     2  stm32f4xx_it.o(.text)
    PendSV_Handler                           0x08000b6f   Thumb Code     2  stm32f4xx_it.o(.text)
    SysTick_Handler                          0x08000b71   Thumb Code     2  stm32f4xx_it.o(.text)
    SystemInit                               0x08000c51   Thumb Code    88  system_stm32f4xx.o(.text)
    SystemCoreClockUpdate                    0x08000ca9   Thumb Code   174  system_stm32f4xx.o(.text)
    LED_Init                                 0x08000d85   Thumb Code    60  led.o(.text)
    KEY_Init                                 0x08000dc5   Thumb Code    60  key.o(.text)
    KEY_Scan                                 0x08000e01   Thumb Code   188  key.o(.text)
    LCD_WR_REG                               0x08000ec9   Thumb Code    18  lcd.o(.text)
    LCD_WR_DATA                              0x08000edb   Thumb Code    20  lcd.o(.text)
    LCD_RD_DATA                              0x08000eef   Thumb Code    16  lcd.o(.text)
    LCD_WriteReg                             0x08000eff   Thumb Code    14  lcd.o(.text)
    LCD_ReadReg                              0x08000f0d   Thumb Code    22  lcd.o(.text)
    LCD_WriteRAM_Prepare                     0x08000f23   Thumb Code    10  lcd.o(.text)
    LCD_WriteRAM                             0x08000f2d   Thumb Code     8  lcd.o(.text)
    LCD_BGR2RGB                              0x08000f35   Thumb Code    26  lcd.o(.text)
    opt_delay                                0x08000f4f   Thumb Code    14  lcd.o(.text)
    LCD_SetCursor                            0x08000f5d   Thumb Code   418  lcd.o(.text)
    LCD_ReadPoint                            0x080010ff   Thumb Code   360  lcd.o(.text)
    LCD_DisplayOn                            0x08001267   Thumb Code   102  lcd.o(.text)
    LCD_DisplayOff                           0x080012cd   Thumb Code    90  lcd.o(.text)
    LCD_Scan_Dir                             0x08001327   Thumb Code   744  lcd.o(.text)
    LCD_DrawPoint                            0x0800160f   Thumb Code    28  lcd.o(.text)
    LCD_Fast_DrawPoint                       0x0800162b   Thumb Code   388  lcd.o(.text)
    LCD_SSD_BackLightSet                     0x080017af   Thumb Code    88  lcd.o(.text)
    LCD_Display_Dir                          0x08001807   Thumb Code   444  lcd.o(.text)
    LCD_Set_Window                           0x080019c3   Thumb Code   546  lcd.o(.text)
    LCD_Clear                                0x08001be5   Thumb Code   100  lcd.o(.text)
    LCD_Init                                 0x08001c49   Thumb Code 14696  lcd.o(.text)
    LCD_Fill                                 0x080055b1   Thumb Code   180  lcd.o(.text)
    LCD_Color_Fill                           0x08005665   Thumb Code   100  lcd.o(.text)
    LCD_DrawLine                             0x080056c9   Thumb Code   176  lcd.o(.text)
    LCD_DrawRectangle                        0x08005779   Thumb Code    60  lcd.o(.text)
    LCD_Draw_Circle                          0x080057b5   Thumb Code   152  lcd.o(.text)
    LCD_ShowChar                             0x0800584d   Thumb Code   272  lcd.o(.text)
    LCD_Pow                                  0x0800595d   Thumb Code    22  lcd.o(.text)
    LCD_ShowNum                              0x08005973   Thumb Code   148  lcd.o(.text)
    LCD_ShowxNum                             0x08005a07   Thumb Code   220  lcd.o(.text)
    LCD_ShowString                           0x08005ae3   Thumb Code   102  lcd.o(.text)
    TIM7_IRQHandler                          0x08005b49   Thumb Code    42  timer.o(.text)
    TIM7_Int_Init                            0x08005b73   Thumb Code    86  timer.o(.text)
    GPIO_INIT                                0x08005bc9   Thumb Code    54  timer.o(.text)
    TIM1_Delay500MS                          0x08005bff   Thumb Code    76  timer.o(.text)
    TIM14_PWM_Init                           0x08005c4b   Thumb Code   152  timer.o(.text)
    TIM12_PWM_Init                           0x08005ce3   Thumb Code   152  timer.o(.text)
    USART3_IRQHandler                        0x08005d9d   Thumb Code    96  usart3.o(.text)
    usart3_init                              0x08005dfd   Thumb Code   196  usart3.o(.text)
    u3_printf                                0x08005ec1   Thumb Code    72  usart3.o(.text)
    HC05_Init                                0x08005f21   Thumb Code   220  hc05.o(.text)
    HC05_Get_Role                            0x08005ffd   Thumb Code   124  hc05.o(.text)
    HC05_Set_Cmd                             0x08006079   Thumb Code   128  hc05.o(.text)
    HC05_CFG_CMD                             0x080060f9   Thumb Code    94  hc05.o(.text)
    delay_init                               0x08006195   Thumb Code    52  delay.o(.text)
    delay_us                                 0x080061c9   Thumb Code    72  delay.o(.text)
    delay_xms                                0x08006211   Thumb Code    72  delay.o(.text)
    delay_ms                                 0x08006259   Thumb Code    56  delay.o(.text)
    _sys_exit                                0x08006299   Thumb Code     6  usart.o(.text)
    fputc                                    0x0800629f   Thumb Code    22  usart.o(.text)
    uart_init                                0x080062b5   Thumb Code   164  usart.o(.text)
    Data_Processing                          0x08006359   Thumb Code    54  usart.o(.text)
    Receive_Prepare                          0x0800638f   Thumb Code   106  usart.o(.text)
    USART1_IRQHandler                        0x080063f9   Thumb Code    40  usart.o(.text)
    Reset_Handler                            0x0800643d   Thumb Code     8  startup_stm32f40_41xxx.o(.text)
    ADC_IRQHandler                           0x08006457   Thumb Code     0  startup_stm32f40_41xxx.o(.text)
    CAN1_RX0_IRQHandler                      0x08006457   Thumb Code     0  startup_stm32f40_41xxx.o(.text)
    CAN1_RX1_IRQHandler                      0x08006457   Thumb Code     0  startup_stm32f40_41xxx.o(.text)
    CAN1_SCE_IRQHandler                      0x08006457   Thumb Code     0  startup_stm32f40_41xxx.o(.text)
    CAN1_TX_IRQHandler                       0x08006457   Thumb Code     0  startup_stm32f40_41xxx.o(.text)
    CAN2_RX0_IRQHandler                      0x08006457   Thumb Code     0  startup_stm32f40_41xxx.o(.text)
    CAN2_RX1_IRQHandler                      0x08006457   Thumb Code     0  startup_stm32f40_41xxx.o(.text)
    CAN2_SCE_IRQHandler                      0x08006457   Thumb Code     0  startup_stm32f40_41xxx.o(.text)
    CAN2_TX_IRQHandler                       0x08006457   Thumb Code     0  startup_stm32f40_41xxx.o(.text)
    CRYP_IRQHandler                          0x08006457   Thumb Code     0  startup_stm32f40_41xxx.o(.text)
    DCMI_IRQHandler                          0x08006457   Thumb Code     0  startup_stm32f40_41xxx.o(.text)
    DMA1_Stream0_IRQHandler                  0x08006457   Thumb Code     0  startup_stm32f40_41xxx.o(.text)
    DMA1_Stream1_IRQHandler                  0x08006457   Thumb Code     0  startup_stm32f40_41xxx.o(.text)
    DMA1_Stream2_IRQHandler                  0x08006457   Thumb Code     0  startup_stm32f40_41xxx.o(.text)
    DMA1_Stream3_IRQHandler                  0x08006457   Thumb Code     0  startup_stm32f40_41xxx.o(.text)
    DMA1_Stream4_IRQHandler                  0x08006457   Thumb Code     0  startup_stm32f40_41xxx.o(.text)
    DMA1_Stream5_IRQHandler                  0x08006457   Thumb Code     0  startup_stm32f40_41xxx.o(.text)
    DMA1_Stream6_IRQHandler                  0x08006457   Thumb Code     0  startup_stm32f40_41xxx.o(.text)
    DMA1_Stream7_IRQHandler                  0x08006457   Thumb Code     0  startup_stm32f40_41xxx.o(.text)
    DMA2_Stream0_IRQHandler                  0x08006457   Thumb Code     0  startup_stm32f40_41xxx.o(.text)
    DMA2_Stream1_IRQHandler                  0x08006457   Thumb Code     0  startup_stm32f40_41xxx.o(.text)
    DMA2_Stream2_IRQHandler                  0x08006457   Thumb Code     0  startup_stm32f40_41xxx.o(.text)
    DMA2_Stream3_IRQHandler                  0x08006457   Thumb Code     0  startup_stm32f40_41xxx.o(.text)
    DMA2_Stream4_IRQHandler                  0x08006457   Thumb Code     0  startup_stm32f40_41xxx.o(.text)
    DMA2_Stream5_IRQHandler                  0x08006457   Thumb Code     0  startup_stm32f40_41xxx.o(.text)
    DMA2_Stream6_IRQHandler                  0x08006457   Thumb Code     0  startup_stm32f40_41xxx.o(.text)
    DMA2_Stream7_IRQHandler                  0x08006457   Thumb Code     0  startup_stm32f40_41xxx.o(.text)
    ETH_IRQHandler                           0x08006457   Thumb Code     0  startup_stm32f40_41xxx.o(.text)
    ETH_WKUP_IRQHandler                      0x08006457   Thumb Code     0  startup_stm32f40_41xxx.o(.text)
    EXTI0_IRQHandler                         0x08006457   Thumb Code     0  startup_stm32f40_41xxx.o(.text)
    EXTI15_10_IRQHandler                     0x08006457   Thumb Code     0  startup_stm32f40_41xxx.o(.text)
    EXTI1_IRQHandler                         0x08006457   Thumb Code     0  startup_stm32f40_41xxx.o(.text)
    EXTI2_IRQHandler                         0x08006457   Thumb Code     0  startup_stm32f40_41xxx.o(.text)
    EXTI3_IRQHandler                         0x08006457   Thumb Code     0  startup_stm32f40_41xxx.o(.text)
    EXTI4_IRQHandler                         0x08006457   Thumb Code     0  startup_stm32f40_41xxx.o(.text)
    EXTI9_5_IRQHandler                       0x08006457   Thumb Code     0  startup_stm32f40_41xxx.o(.text)
    FLASH_IRQHandler                         0x08006457   Thumb Code     0  startup_stm32f40_41xxx.o(.text)
    FPU_IRQHandler                           0x08006457   Thumb Code     0  startup_stm32f40_41xxx.o(.text)
    FSMC_IRQHandler                          0x08006457   Thumb Code     0  startup_stm32f40_41xxx.o(.text)
    HASH_RNG_IRQHandler                      0x08006457   Thumb Code     0  startup_stm32f40_41xxx.o(.text)
    I2C1_ER_IRQHandler                       0x08006457   Thumb Code     0  startup_stm32f40_41xxx.o(.text)
    I2C1_EV_IRQHandler                       0x08006457   Thumb Code     0  startup_stm32f40_41xxx.o(.text)
    I2C2_ER_IRQHandler                       0x08006457   Thumb Code     0  startup_stm32f40_41xxx.o(.text)
    I2C2_EV_IRQHandler                       0x08006457   Thumb Code     0  startup_stm32f40_41xxx.o(.text)
    I2C3_ER_IRQHandler                       0x08006457   Thumb Code     0  startup_stm32f40_41xxx.o(.text)
    I2C3_EV_IRQHandler                       0x08006457   Thumb Code     0  startup_stm32f40_41xxx.o(.text)
    OTG_FS_IRQHandler                        0x08006457   Thumb Code     0  startup_stm32f40_41xxx.o(.text)
    OTG_FS_WKUP_IRQHandler                   0x08006457   Thumb Code     0  startup_stm32f40_41xxx.o(.text)
    OTG_HS_EP1_IN_IRQHandler                 0x08006457   Thumb Code     0  startup_stm32f40_41xxx.o(.text)
    OTG_HS_EP1_OUT_IRQHandler                0x08006457   Thumb Code     0  startup_stm32f40_41xxx.o(.text)
    OTG_HS_IRQHandler                        0x08006457   Thumb Code     0  startup_stm32f40_41xxx.o(.text)
    OTG_HS_WKUP_IRQHandler                   0x08006457   Thumb Code     0  startup_stm32f40_41xxx.o(.text)
    PVD_IRQHandler                           0x08006457   Thumb Code     0  startup_stm32f40_41xxx.o(.text)
    RCC_IRQHandler                           0x08006457   Thumb Code     0  startup_stm32f40_41xxx.o(.text)
    RTC_Alarm_IRQHandler                     0x08006457   Thumb Code     0  startup_stm32f40_41xxx.o(.text)
    RTC_WKUP_IRQHandler                      0x08006457   Thumb Code     0  startup_stm32f40_41xxx.o(.text)
    SDIO_IRQHandler                          0x08006457   Thumb Code     0  startup_stm32f40_41xxx.o(.text)
    SPI1_IRQHandler                          0x08006457   Thumb Code     0  startup_stm32f40_41xxx.o(.text)
    SPI2_IRQHandler                          0x08006457   Thumb Code     0  startup_stm32f40_41xxx.o(.text)
    SPI3_IRQHandler                          0x08006457   Thumb Code     0  startup_stm32f40_41xxx.o(.text)
    TAMP_STAMP_IRQHandler                    0x08006457   Thumb Code     0  startup_stm32f40_41xxx.o(.text)
    TIM1_BRK_TIM9_IRQHandler                 0x08006457   Thumb Code     0  startup_stm32f40_41xxx.o(.text)
    TIM1_CC_IRQHandler                       0x08006457   Thumb Code     0  startup_stm32f40_41xxx.o(.text)
    TIM1_TRG_COM_TIM11_IRQHandler            0x08006457   Thumb Code     0  startup_stm32f40_41xxx.o(.text)
    TIM1_UP_TIM10_IRQHandler                 0x08006457   Thumb Code     0  startup_stm32f40_41xxx.o(.text)
    TIM2_IRQHandler                          0x08006457   Thumb Code     0  startup_stm32f40_41xxx.o(.text)
    TIM3_IRQHandler                          0x08006457   Thumb Code     0  startup_stm32f40_41xxx.o(.text)
    TIM5_IRQHandler                          0x08006457   Thumb Code     0  startup_stm32f40_41xxx.o(.text)
    TIM6_DAC_IRQHandler                      0x08006457   Thumb Code     0  startup_stm32f40_41xxx.o(.text)
    TIM8_BRK_TIM12_IRQHandler                0x08006457   Thumb Code     0  startup_stm32f40_41xxx.o(.text)
    TIM8_CC_IRQHandler                       0x08006457   Thumb Code     0  startup_stm32f40_41xxx.o(.text)
    TIM8_TRG_COM_TIM14_IRQHandler            0x08006457   Thumb Code     0  startup_stm32f40_41xxx.o(.text)
    TIM8_UP_TIM13_IRQHandler                 0x08006457   Thumb Code     0  startup_stm32f40_41xxx.o(.text)
    UART4_IRQHandler                         0x08006457   Thumb Code     0  startup_stm32f40_41xxx.o(.text)
    UART5_IRQHandler                         0x08006457   Thumb Code     0  startup_stm32f40_41xxx.o(.text)
    USART2_IRQHandler                        0x08006457   Thumb Code     0  startup_stm32f40_41xxx.o(.text)
    USART6_IRQHandler                        0x08006457   Thumb Code     0  startup_stm32f40_41xxx.o(.text)
    WWDG_IRQHandler                          0x08006457   Thumb Code     0  startup_stm32f40_41xxx.o(.text)
    __user_initial_stackheap                 0x08006459   Thumb Code     0  startup_stm32f40_41xxx.o(.text)
    NVIC_PriorityGroupConfig                 0x0800647d   Thumb Code    10  misc.o(.text)
    NVIC_Init                                0x08006487   Thumb Code   106  misc.o(.text)
    NVIC_SetVectorTable                      0x080064f1   Thumb Code    14  misc.o(.text)
    NVIC_SystemLPConfig                      0x080064ff   Thumb Code    34  misc.o(.text)
    SysTick_CLKSourceConfig                  0x08006521   Thumb Code    40  misc.o(.text)
    GPIO_DeInit                              0x0800655d   Thumb Code   268  stm32f4xx_gpio.o(.text)
    GPIO_Init                                0x08006669   Thumb Code   144  stm32f4xx_gpio.o(.text)
    GPIO_StructInit                          0x080066f9   Thumb Code    18  stm32f4xx_gpio.o(.text)
    GPIO_PinLockConfig                       0x0800670b   Thumb Code    34  stm32f4xx_gpio.o(.text)
    GPIO_ReadInputDataBit                    0x0800672d   Thumb Code    18  stm32f4xx_gpio.o(.text)
    GPIO_ReadInputData                       0x0800673f   Thumb Code     8  stm32f4xx_gpio.o(.text)
    GPIO_ReadOutputDataBit                   0x08006747   Thumb Code    18  stm32f4xx_gpio.o(.text)
    GPIO_ReadOutputData                      0x08006759   Thumb Code     8  stm32f4xx_gpio.o(.text)
    GPIO_SetBits                             0x08006761   Thumb Code     4  stm32f4xx_gpio.o(.text)
    GPIO_ResetBits                           0x08006765   Thumb Code     4  stm32f4xx_gpio.o(.text)
    GPIO_WriteBit                            0x08006769   Thumb Code    10  stm32f4xx_gpio.o(.text)
    GPIO_Write                               0x08006773   Thumb Code     4  stm32f4xx_gpio.o(.text)
    GPIO_ToggleBits                          0x08006777   Thumb Code     8  stm32f4xx_gpio.o(.text)
    GPIO_PinAFConfig                         0x0800677f   Thumb Code    70  stm32f4xx_gpio.o(.text)
    FSMC_NORSRAMDeInit                       0x080067f1   Thumb Code    54  stm32f4xx_fsmc.o(.text)
    FSMC_NORSRAMInit                         0x08006827   Thumb Code   230  stm32f4xx_fsmc.o(.text)
    FSMC_NORSRAMStructInit                   0x0800690d   Thumb Code    48  stm32f4xx_fsmc.o(.text)
    FSMC_NORSRAMCmd                          0x0800693d   Thumb Code    46  stm32f4xx_fsmc.o(.text)
    FSMC_NANDDeInit                          0x0800696b   Thumb Code    62  stm32f4xx_fsmc.o(.text)
    FSMC_NANDInit                            0x080069a9   Thumb Code   132  stm32f4xx_fsmc.o(.text)
    FSMC_NANDStructInit                      0x08006a2d   Thumb Code    54  stm32f4xx_fsmc.o(.text)
    FSMC_NANDCmd                             0x08006a63   Thumb Code    86  stm32f4xx_fsmc.o(.text)
    FSMC_NANDECCCmd                          0x08006ab9   Thumb Code    86  stm32f4xx_fsmc.o(.text)
    FSMC_GetECC                              0x08006b0f   Thumb Code    24  stm32f4xx_fsmc.o(.text)
    FSMC_PCCARDDeInit                        0x08006b27   Thumb Code    36  stm32f4xx_fsmc.o(.text)
    FSMC_PCCARDInit                          0x08006b4b   Thumb Code   130  stm32f4xx_fsmc.o(.text)
    FSMC_PCCARDStructInit                    0x08006bcd   Thumb Code    60  stm32f4xx_fsmc.o(.text)
    FSMC_PCCARDCmd                           0x08006c09   Thumb Code    44  stm32f4xx_fsmc.o(.text)
    FSMC_ITConfig                            0x08006c35   Thumb Code   128  stm32f4xx_fsmc.o(.text)
    FSMC_GetFlagStatus                       0x08006cb5   Thumb Code    54  stm32f4xx_fsmc.o(.text)
    FSMC_ClearFlag                           0x08006ceb   Thumb Code    74  stm32f4xx_fsmc.o(.text)
    FSMC_GetITStatus                         0x08006d35   Thumb Code    62  stm32f4xx_fsmc.o(.text)
    FSMC_ClearITPendingBit                   0x08006d73   Thumb Code    66  stm32f4xx_fsmc.o(.text)
    RCC_DeInit                               0x08006db9   Thumb Code    82  stm32f4xx_rcc.o(.text)
    RCC_HSEConfig                            0x08006e0b   Thumb Code    14  stm32f4xx_rcc.o(.text)
    RCC_GetFlagStatus                        0x08006e19   Thumb Code    60  stm32f4xx_rcc.o(.text)
    RCC_WaitForHSEStartUp                    0x08006e55   Thumb Code    56  stm32f4xx_rcc.o(.text)
    RCC_AdjustHSICalibrationValue            0x08006e8d   Thumb Code    20  stm32f4xx_rcc.o(.text)
    RCC_HSICmd                               0x08006ea1   Thumb Code     6  stm32f4xx_rcc.o(.text)
    RCC_LSEConfig                            0x08006ea7   Thumb Code    46  stm32f4xx_rcc.o(.text)
    RCC_LSICmd                               0x08006ed5   Thumb Code     6  stm32f4xx_rcc.o(.text)
    RCC_PLLConfig                            0x08006edb   Thumb Code    32  stm32f4xx_rcc.o(.text)
    RCC_PLLCmd                               0x08006efb   Thumb Code     6  stm32f4xx_rcc.o(.text)
    RCC_PLLI2SConfig                         0x08006f01   Thumb Code    14  stm32f4xx_rcc.o(.text)
    RCC_PLLI2SCmd                            0x08006f0f   Thumb Code     6  stm32f4xx_rcc.o(.text)
    RCC_PLLSAIConfig                         0x08006f15   Thumb Code    20  stm32f4xx_rcc.o(.text)
    RCC_PLLSAICmd                            0x08006f29   Thumb Code     6  stm32f4xx_rcc.o(.text)
    RCC_ClockSecuritySystemCmd               0x08006f2f   Thumb Code     6  stm32f4xx_rcc.o(.text)
    RCC_MCO1Config                           0x08006f35   Thumb Code    28  stm32f4xx_rcc.o(.text)
    RCC_MCO2Config                           0x08006f51   Thumb Code    28  stm32f4xx_rcc.o(.text)
    RCC_SYSCLKConfig                         0x08006f6d   Thumb Code    20  stm32f4xx_rcc.o(.text)
    RCC_GetSYSCLKSource                      0x08006f81   Thumb Code    12  stm32f4xx_rcc.o(.text)
    RCC_HCLKConfig                           0x08006f8d   Thumb Code    20  stm32f4xx_rcc.o(.text)
    RCC_PCLK1Config                          0x08006fa1   Thumb Code    20  stm32f4xx_rcc.o(.text)
    RCC_PCLK2Config                          0x08006fb5   Thumb Code    22  stm32f4xx_rcc.o(.text)
    RCC_GetClocksFreq                        0x08006fcb   Thumb Code   222  stm32f4xx_rcc.o(.text)
    RCC_RTCCLKConfig                         0x080070a9   Thumb Code    54  stm32f4xx_rcc.o(.text)
    RCC_RTCCLKCmd                            0x080070df   Thumb Code     8  stm32f4xx_rcc.o(.text)
    RCC_BackupResetCmd                       0x080070e7   Thumb Code     8  stm32f4xx_rcc.o(.text)
    RCC_I2SCLKConfig                         0x080070ef   Thumb Code     6  stm32f4xx_rcc.o(.text)
    RCC_SAIPLLI2SClkDivConfig                0x080070f5   Thumb Code    26  stm32f4xx_rcc.o(.text)
    RCC_SAIPLLSAIClkDivConfig                0x0800710f   Thumb Code    28  stm32f4xx_rcc.o(.text)
    RCC_SAIBlockACLKConfig                   0x0800712b   Thumb Code    20  stm32f4xx_rcc.o(.text)
    RCC_SAIBlockBCLKConfig                   0x0800713f   Thumb Code    20  stm32f4xx_rcc.o(.text)
    RCC_LTDCCLKDivConfig                     0x08007153   Thumb Code    20  stm32f4xx_rcc.o(.text)
    RCC_TIMCLKPresConfig                     0x08007167   Thumb Code     6  stm32f4xx_rcc.o(.text)
    RCC_AHB1PeriphClockCmd                   0x0800716d   Thumb Code    34  stm32f4xx_rcc.o(.text)
    RCC_AHB2PeriphClockCmd                   0x0800718f   Thumb Code    78  stm32f4xx_rcc.o(.text)
    RCC_AHB3PeriphClockCmd                   0x080071dd   Thumb Code    34  stm32f4xx_rcc.o(.text)
    RCC_APB1PeriphClockCmd                   0x080071ff   Thumb Code    34  stm32f4xx_rcc.o(.text)
    RCC_APB2PeriphClockCmd                   0x08007221   Thumb Code    34  stm32f4xx_rcc.o(.text)
    RCC_AHB1PeriphResetCmd                   0x08007243   Thumb Code    34  stm32f4xx_rcc.o(.text)
    RCC_AHB2PeriphResetCmd                   0x08007265   Thumb Code    34  stm32f4xx_rcc.o(.text)
    RCC_AHB3PeriphResetCmd                   0x08007287   Thumb Code    34  stm32f4xx_rcc.o(.text)
    RCC_APB1PeriphResetCmd                   0x080072a9   Thumb Code    34  stm32f4xx_rcc.o(.text)
    RCC_APB2PeriphResetCmd                   0x080072cb   Thumb Code    34  stm32f4xx_rcc.o(.text)
    RCC_AHB1PeriphClockLPModeCmd             0x080072ed   Thumb Code    34  stm32f4xx_rcc.o(.text)
    RCC_AHB2PeriphClockLPModeCmd             0x0800730f   Thumb Code    34  stm32f4xx_rcc.o(.text)
    RCC_AHB3PeriphClockLPModeCmd             0x08007331   Thumb Code    34  stm32f4xx_rcc.o(.text)
    RCC_APB1PeriphClockLPModeCmd             0x08007353   Thumb Code    34  stm32f4xx_rcc.o(.text)
    RCC_APB2PeriphClockLPModeCmd             0x08007375   Thumb Code    34  stm32f4xx_rcc.o(.text)
    RCC_LSEModeConfig                        0x08007397   Thumb Code    40  stm32f4xx_rcc.o(.text)
    RCC_ITConfig                             0x080073bf   Thumb Code    34  stm32f4xx_rcc.o(.text)
    RCC_ClearFlag                            0x080073e1   Thumb Code    18  stm32f4xx_rcc.o(.text)
    RCC_GetITStatus                          0x080073f3   Thumb Code    22  stm32f4xx_rcc.o(.text)
    RCC_ClearITPendingBit                    0x08007409   Thumb Code     8  stm32f4xx_rcc.o(.text)
    USART_DeInit                             0x08007415   Thumb Code   206  stm32f4xx_usart.o(.text)
    USART_Init                               0x080074e3   Thumb Code   204  stm32f4xx_usart.o(.text)
    USART_StructInit                         0x080075af   Thumb Code    24  stm32f4xx_usart.o(.text)
    USART_ClockInit                          0x080075c7   Thumb Code    32  stm32f4xx_usart.o(.text)
    USART_ClockStructInit                    0x080075e7   Thumb Code    12  stm32f4xx_usart.o(.text)
    USART_Cmd                                0x080075f3   Thumb Code    24  stm32f4xx_usart.o(.text)
    USART_SetPrescaler                       0x0800760b   Thumb Code    16  stm32f4xx_usart.o(.text)
    USART_OverSampling8Cmd                   0x0800761b   Thumb Code    22  stm32f4xx_usart.o(.text)
    USART_OneBitMethodCmd                    0x08007631   Thumb Code    24  stm32f4xx_usart.o(.text)
    USART_SendData                           0x08007649   Thumb Code     8  stm32f4xx_usart.o(.text)
    USART_ReceiveData                        0x08007651   Thumb Code    10  stm32f4xx_usart.o(.text)
    USART_SetAddress                         0x0800765b   Thumb Code    18  stm32f4xx_usart.o(.text)
    USART_ReceiverWakeUpCmd                  0x0800766d   Thumb Code    24  stm32f4xx_usart.o(.text)
    USART_WakeUpConfig                       0x08007685   Thumb Code    18  stm32f4xx_usart.o(.text)
    USART_LINBreakDetectLengthConfig         0x08007697   Thumb Code    18  stm32f4xx_usart.o(.text)
    USART_LINCmd                             0x080076a9   Thumb Code    24  stm32f4xx_usart.o(.text)
    USART_SendBreak                          0x080076c1   Thumb Code    10  stm32f4xx_usart.o(.text)
    USART_HalfDuplexCmd                      0x080076cb   Thumb Code    24  stm32f4xx_usart.o(.text)
    USART_SetGuardTime                       0x080076e3   Thumb Code    16  stm32f4xx_usart.o(.text)
    USART_SmartCardCmd                       0x080076f3   Thumb Code    24  stm32f4xx_usart.o(.text)
    USART_SmartCardNACKCmd                   0x0800770b   Thumb Code    24  stm32f4xx_usart.o(.text)
    USART_IrDAConfig                         0x08007723   Thumb Code    18  stm32f4xx_usart.o(.text)
    USART_IrDACmd                            0x08007735   Thumb Code    24  stm32f4xx_usart.o(.text)
    USART_DMACmd                             0x0800774d   Thumb Code    18  stm32f4xx_usart.o(.text)
    USART_ITConfig                           0x0800775f   Thumb Code    74  stm32f4xx_usart.o(.text)
    USART_GetFlagStatus                      0x080077a9   Thumb Code    26  stm32f4xx_usart.o(.text)
    USART_ClearFlag                          0x080077c3   Thumb Code    18  stm32f4xx_usart.o(.text)
    USART_GetITStatus                        0x080077d5   Thumb Code   118  stm32f4xx_usart.o(.text)
    USART_ClearITPendingBit                  0x0800784b   Thumb Code    30  stm32f4xx_usart.o(.text)
    TIM_DeInit                               0x08007869   Thumb Code   346  stm32f4xx_tim.o(.text)
    TIM_TimeBaseInit                         0x080079c3   Thumb Code   104  stm32f4xx_tim.o(.text)
    TIM_TimeBaseStructInit                   0x08007a2b   Thumb Code    18  stm32f4xx_tim.o(.text)
    TIM_PrescalerConfig                      0x08007a3d   Thumb Code     6  stm32f4xx_tim.o(.text)
    TIM_CounterModeConfig                    0x08007a43   Thumb Code    18  stm32f4xx_tim.o(.text)
    TIM_SetCounter                           0x08007a55   Thumb Code     4  stm32f4xx_tim.o(.text)
    TIM_SetAutoreload                        0x08007a59   Thumb Code     4  stm32f4xx_tim.o(.text)
    TIM_GetCounter                           0x08007a5d   Thumb Code     6  stm32f4xx_tim.o(.text)
    TIM_GetPrescaler                         0x08007a63   Thumb Code     6  stm32f4xx_tim.o(.text)
    TIM_UpdateDisableConfig                  0x08007a69   Thumb Code    24  stm32f4xx_tim.o(.text)
    TIM_UpdateRequestConfig                  0x08007a81   Thumb Code    24  stm32f4xx_tim.o(.text)
    TIM_ARRPreloadConfig                     0x08007a99   Thumb Code    24  stm32f4xx_tim.o(.text)
    TIM_SelectOnePulseMode                   0x08007ab1   Thumb Code    18  stm32f4xx_tim.o(.text)
    TIM_SetClockDivision                     0x08007ac3   Thumb Code    18  stm32f4xx_tim.o(.text)
    TIM_Cmd                                  0x08007ad5   Thumb Code    24  stm32f4xx_tim.o(.text)
    TIM_OC1Init                              0x08007aed   Thumb Code   114  stm32f4xx_tim.o(.text)
    TIM_OC2Init                              0x08007b5f   Thumb Code   154  stm32f4xx_tim.o(.text)
    TIM_OC3Init                              0x08007bf9   Thumb Code   204  stm32f4xx_tim.o(.text)
    TIM_OC4Init                              0x08007cc5   Thumb Code   112  stm32f4xx_tim.o(.text)
    TIM_OCStructInit                         0x08007d35   Thumb Code    20  stm32f4xx_tim.o(.text)
    TIM_SelectOCxM                           0x08007d49   Thumb Code    86  stm32f4xx_tim.o(.text)
    TIM_SetCompare1                          0x08007d9f   Thumb Code     4  stm32f4xx_tim.o(.text)
    TIM_SetCompare2                          0x08007da3   Thumb Code     4  stm32f4xx_tim.o(.text)
    TIM_SetCompare3                          0x08007da7   Thumb Code     4  stm32f4xx_tim.o(.text)
    TIM_SetCompare4                          0x08007dab   Thumb Code     4  stm32f4xx_tim.o(.text)
    TIM_ForcedOC1Config                      0x08007daf   Thumb Code    18  stm32f4xx_tim.o(.text)
    TIM_ForcedOC2Config                      0x08007dc1   Thumb Code    26  stm32f4xx_tim.o(.text)
    TIM_ForcedOC3Config                      0x08007ddb   Thumb Code    18  stm32f4xx_tim.o(.text)
    TIM_ForcedOC4Config                      0x08007ded   Thumb Code    26  stm32f4xx_tim.o(.text)
    TIM_OC1PreloadConfig                     0x08007e07   Thumb Code    18  stm32f4xx_tim.o(.text)
    TIM_OC2PreloadConfig                     0x08007e19   Thumb Code    26  stm32f4xx_tim.o(.text)
    TIM_OC3PreloadConfig                     0x08007e33   Thumb Code    18  stm32f4xx_tim.o(.text)
    TIM_OC4PreloadConfig                     0x08007e45   Thumb Code    26  stm32f4xx_tim.o(.text)
    TIM_OC1FastConfig                        0x08007e5f   Thumb Code    18  stm32f4xx_tim.o(.text)
    TIM_OC2FastConfig                        0x08007e71   Thumb Code    26  stm32f4xx_tim.o(.text)
    TIM_OC3FastConfig                        0x08007e8b   Thumb Code    18  stm32f4xx_tim.o(.text)
    TIM_OC4FastConfig                        0x08007e9d   Thumb Code    26  stm32f4xx_tim.o(.text)
    TIM_ClearOC1Ref                          0x08007eb7   Thumb Code    18  stm32f4xx_tim.o(.text)
    TIM_ClearOC2Ref                          0x08007ec9   Thumb Code    24  stm32f4xx_tim.o(.text)
    TIM_ClearOC3Ref                          0x08007ee1   Thumb Code    18  stm32f4xx_tim.o(.text)
    TIM_ClearOC4Ref                          0x08007ef3   Thumb Code    24  stm32f4xx_tim.o(.text)
    TIM_OC1PolarityConfig                    0x08007f0b   Thumb Code    18  stm32f4xx_tim.o(.text)
    TIM_OC1NPolarityConfig                   0x08007f1d   Thumb Code    18  stm32f4xx_tim.o(.text)
    TIM_OC2PolarityConfig                    0x08007f2f   Thumb Code    26  stm32f4xx_tim.o(.text)
    TIM_OC2NPolarityConfig                   0x08007f49   Thumb Code    26  stm32f4xx_tim.o(.text)
    TIM_OC3PolarityConfig                    0x08007f63   Thumb Code    26  stm32f4xx_tim.o(.text)
    TIM_OC3NPolarityConfig                   0x08007f7d   Thumb Code    26  stm32f4xx_tim.o(.text)
    TIM_OC4PolarityConfig                    0x08007f97   Thumb Code    26  stm32f4xx_tim.o(.text)
    TIM_CCxCmd                               0x08007fb1   Thumb Code    30  stm32f4xx_tim.o(.text)
    TIM_CCxNCmd                              0x08007fcf   Thumb Code    30  stm32f4xx_tim.o(.text)
    TIM_SetIC4Prescaler                      0x08007fed   Thumb Code    26  stm32f4xx_tim.o(.text)
    TIM_SetIC3Prescaler                      0x08008057   Thumb Code    18  stm32f4xx_tim.o(.text)
    TIM_SetIC2Prescaler                      0x080080b1   Thumb Code    26  stm32f4xx_tim.o(.text)
    TIM_SetIC1Prescaler                      0x08008125   Thumb Code    18  stm32f4xx_tim.o(.text)
    TIM_ICInit                               0x08008171   Thumb Code   110  stm32f4xx_tim.o(.text)
    TIM_ICStructInit                         0x080081df   Thumb Code    18  stm32f4xx_tim.o(.text)
    TIM_PWMIConfig                           0x080081f1   Thumb Code   124  stm32f4xx_tim.o(.text)
    TIM_GetCapture1                          0x0800826d   Thumb Code     6  stm32f4xx_tim.o(.text)
    TIM_GetCapture2                          0x08008273   Thumb Code     6  stm32f4xx_tim.o(.text)
    TIM_GetCapture3                          0x08008279   Thumb Code     6  stm32f4xx_tim.o(.text)
    TIM_GetCapture4                          0x0800827f   Thumb Code     6  stm32f4xx_tim.o(.text)
    TIM_BDTRConfig                           0x08008285   Thumb Code    32  stm32f4xx_tim.o(.text)
    TIM_BDTRStructInit                       0x080082a5   Thumb Code    18  stm32f4xx_tim.o(.text)
    TIM_CtrlPWMOutputs                       0x080082b7   Thumb Code    30  stm32f4xx_tim.o(.text)
    TIM_SelectCOM                            0x080082d5   Thumb Code    24  stm32f4xx_tim.o(.text)
    TIM_CCPreloadControl                     0x080082ed   Thumb Code    24  stm32f4xx_tim.o(.text)
    TIM_ITConfig                             0x08008305   Thumb Code    18  stm32f4xx_tim.o(.text)
    TIM_GenerateEvent                        0x08008317   Thumb Code     4  stm32f4xx_tim.o(.text)
    TIM_GetFlagStatus                        0x0800831b   Thumb Code    18  stm32f4xx_tim.o(.text)
    TIM_ClearFlag                            0x0800832d   Thumb Code     6  stm32f4xx_tim.o(.text)
    TIM_GetITStatus                          0x08008333   Thumb Code    34  stm32f4xx_tim.o(.text)
    TIM_ClearITPendingBit                    0x08008355   Thumb Code     6  stm32f4xx_tim.o(.text)
    TIM_DMAConfig                            0x0800835b   Thumb Code    10  stm32f4xx_tim.o(.text)
    TIM_DMACmd                               0x08008365   Thumb Code    18  stm32f4xx_tim.o(.text)
    TIM_SelectCCDMA                          0x08008377   Thumb Code    24  stm32f4xx_tim.o(.text)
    TIM_InternalClockConfig                  0x0800838f   Thumb Code    12  stm32f4xx_tim.o(.text)
    TIM_SelectInputTrigger                   0x0800839b   Thumb Code    18  stm32f4xx_tim.o(.text)
    TIM_ITRxExternalClockConfig              0x080083ad   Thumb Code    24  stm32f4xx_tim.o(.text)
    TIM_TIxExternalClockConfig               0x080083c5   Thumb Code    62  stm32f4xx_tim.o(.text)
    TIM_ETRConfig                            0x08008403   Thumb Code    28  stm32f4xx_tim.o(.text)
    TIM_ETRClockMode1Config                  0x0800841f   Thumb Code    54  stm32f4xx_tim.o(.text)
    TIM_ETRClockMode2Config                  0x08008455   Thumb Code    32  stm32f4xx_tim.o(.text)
    TIM_SelectOutputTrigger                  0x08008475   Thumb Code    18  stm32f4xx_tim.o(.text)
    TIM_SelectSlaveMode                      0x08008487   Thumb Code    18  stm32f4xx_tim.o(.text)
    TIM_SelectMasterSlaveMode                0x08008499   Thumb Code    18  stm32f4xx_tim.o(.text)
    TIM_EncoderInterfaceConfig               0x080084ab   Thumb Code    66  stm32f4xx_tim.o(.text)
    TIM_SelectHallSensor                     0x080084ed   Thumb Code    24  stm32f4xx_tim.o(.text)
    TIM_RemapConfig                          0x08008505   Thumb Code     6  stm32f4xx_tim.o(.text)
    usmart_sys_cmd_exe                       0x0800850d   Thumb Code  1554  usmart.o(.text)
    usmart_reset_runtime                     0x08008b1f   Thumb Code    38  usmart.o(.text)
    usmart_get_runtime                       0x08008b45   Thumb Code    60  usmart.o(.text)
    TIM4_IRQHandler                          0x08008b81   Thumb Code    46  usmart.o(.text)
    Timer4_Init                              0x08008baf   Thumb Code    86  usmart.o(.text)
    usmart_init                              0x08008c05   Thumb Code    36  usmart.o(.text)
    usmart_cmd_rec                           0x08008c29   Thumb Code   170  usmart.o(.text)
    usmart_exe                               0x08008cd3   Thumb Code   868  usmart.o(.text)
    usmart_scan                              0x08009037   Thumb Code   120  usmart.o(.text)
    read_addr                                0x080090af   Thumb Code     6  usmart.o(.text)
    write_addr                               0x080090b5   Thumb Code     4  usmart.o(.text)
    usmart_strcmp                            0x08009141   Thumb Code    34  usmart_str.o(.text)
    usmart_strcopy                           0x08009163   Thumb Code    22  usmart_str.o(.text)
    usmart_strlen                            0x08009179   Thumb Code    24  usmart_str.o(.text)
    usmart_pow                               0x08009191   Thumb Code    22  usmart_str.o(.text)
    usmart_str2num                           0x080091a7   Thumb Code   202  usmart_str.o(.text)
    usmart_get_cmdname                       0x08009271   Thumb Code    54  usmart_str.o(.text)
    usmart_search_nextc                      0x080092a7   Thumb Code    22  usmart_str.o(.text)
    usmart_get_fname                         0x080092bd   Thumb Code   440  usmart_str.o(.text)
    usmart_get_aparm                         0x08009475   Thumb Code   200  usmart_str.o(.text)
    usmart_get_parmpos                       0x0800953d   Thumb Code    26  usmart_str.o(.text)
    usmart_get_fparam                        0x08009557   Thumb Code   262  usmart_str.o(.text)
    __use_no_semihosting                     0x08009669   Thumb Code     2  use_no_semi_2.o(.text)
    __c89vsprintf                            0x0800966d   Thumb Code    32  c89vsprintf.o(.text)
    __2printf                                0x08009691   Thumb Code    20  __2printf.o(.text)
    _printf_pre_padding                      0x080096a9   Thumb Code    44  _printf_pad.o(.text)
    _printf_post_padding                     0x080096d5   Thumb Code    34  _printf_pad.o(.text)
    _printf_str                              0x080096f7   Thumb Code    82  _printf_str.o(.text)
    _printf_int_dec                          0x08009749   Thumb Code   104  _printf_dec.o(.text)
    _printf_longlong_hex                     0x080097c1   Thumb Code    86  _printf_hex_int_ll_ptr.o(.text)
    _printf_int_hex                          0x08009817   Thumb Code    28  _printf_hex_int_ll_ptr.o(.text)
    _printf_ll_hex                           0x08009833   Thumb Code    12  _printf_hex_int_ll_ptr.o(.text)
    _printf_hex_ptr                          0x0800983f   Thumb Code    18  _printf_hex_int_ll_ptr.o(.text)
    __printf                                 0x08009855   Thumb Code   388  __printf_flags_ss_wp.o(.text)
    strlen                                   0x080099dd   Thumb Code    62  strlen.o(.text)
    __aeabi_memcpy4                          0x08009a1b   Thumb Code     0  rt_memcpy_w.o(.text)
    __aeabi_memcpy8                          0x08009a1b   Thumb Code     0  rt_memcpy_w.o(.text)
    __rt_memcpy_w                            0x08009a1b   Thumb Code   100  rt_memcpy_w.o(.text)
    _memcpy_lastbytes_aligned                0x08009a63   Thumb Code     0  rt_memcpy_w.o(.text)
    __use_two_region_memory                  0x08009a7f   Thumb Code     2  heapauxi.o(.text)
    __rt_heap_escrow$2region                 0x08009a81   Thumb Code     2  heapauxi.o(.text)
    __rt_heap_expand$2region                 0x08009a83   Thumb Code     2  heapauxi.o(.text)
    __I$use$semihosting                      0x08009a85   Thumb Code     0  use_no_semi.o(.text)
    __use_no_semihosting_swi                 0x08009a85   Thumb Code     2  use_no_semi.o(.text)
    _printf_truncate_signed                  0x08009a87   Thumb Code    18  _printf_truncate.o(.text)
    _printf_truncate_unsigned                0x08009a99   Thumb Code    18  _printf_truncate.o(.text)
    _printf_int_common                       0x08009aab   Thumb Code   178  _printf_intcommon.o(.text)
    _printf_charcount                        0x08009b5d   Thumb Code    40  _printf_charcount.o(.text)
    _printf_char_common                      0x08009b8f   Thumb Code    32  _printf_char_common.o(.text)
    _sputc                                   0x08009bb5   Thumb Code    10  _sputc.o(.text)
    _printf_cs_common                        0x08009bbf   Thumb Code    20  _printf_char.o(.text)
    _printf_char                             0x08009bd3   Thumb Code    16  _printf_char.o(.text)
    _printf_string                           0x08009be3   Thumb Code     8  _printf_char.o(.text)
    _printf_char_file                        0x08009bed   Thumb Code    32  _printf_char_file.o(.text)
    _printf_wctomb                           0x08009c11   Thumb Code   182  _printf_wctomb.o(.text)
    _printf_longlong_dec                     0x08009ccd   Thumb Code   108  _printf_longlong_dec.o(.text)
    _printf_longlong_oct                     0x08009d49   Thumb Code    68  _printf_oct_int_ll.o(.text)
    _printf_int_oct                          0x08009d8d   Thumb Code    24  _printf_oct_int_ll.o(.text)
    _printf_ll_oct                           0x08009da5   Thumb Code    12  _printf_oct_int_ll.o(.text)
    _ll_udiv10                               0x08009db9   Thumb Code   138  lludiv10.o(.text)
    __lib_sel_fp_printf                      0x08009e43   Thumb Code     2  _printf_fp_dec.o(.text)
    _printf_fp_dec_real                      0x08009ff1   Thumb Code   620  _printf_fp_dec.o(.text)
    _printf_lcs_common                       0x0800a25d   Thumb Code    20  _printf_wchar.o(.text)
    _printf_wchar                            0x0800a271   Thumb Code    16  _printf_wchar.o(.text)
    _printf_wstring                          0x0800a281   Thumb Code     8  _printf_wchar.o(.text)
    ferror                                   0x0800a289   Thumb Code     8  ferror.o(.text)
    _wcrtomb                                 0x0800a291   Thumb Code    64  _wcrtomb.o(.text)
    __user_setup_stackheap                   0x0800a2d1   Thumb Code    74  sys_stackheap_outer.o(.text)
    __rt_ctype_table                         0x0800a31d   Thumb Code    16  rt_ctype_table.o(.text)
    __rt_locale                              0x0800a32d   Thumb Code     8  rt_locale_intlibspace.o(.text)
    _printf_fp_infnan                        0x0800a335   Thumb Code   112  _printf_fp_infnan.o(.text)
    _btod_etento                             0x0800a3b5   Thumb Code   216  bigflt0.o(.text)
    exit                                     0x0800a491   Thumb Code    12  exit.o(.text)
    __user_libspace                          0x0800a49d   Thumb Code     8  libspace.o(.text)
    __user_perproc_libspace                  0x0800a49d   Thumb Code     0  libspace.o(.text)
    __user_perthread_libspace                0x0800a49d   Thumb Code     0  libspace.o(.text)
    strcmp                                   0x0800a4a5   Thumb Code   128  strcmpv7m.o(.text)
    _btod_d2e                                0x0800a525   Thumb Code    62  btod.o(CL$$btod_d2e)
    _d2e_denorm_low                          0x0800a563   Thumb Code    70  btod.o(CL$$btod_d2e_denorm_low)
    _d2e_norm_op1                            0x0800a5a9   Thumb Code    96  btod.o(CL$$btod_d2e_norm_op1)
    __btod_div_common                        0x0800a609   Thumb Code   696  btod.o(CL$$btod_div_common)
    _e2e                                     0x0800a941   Thumb Code   198  btod.o(CL$$btod_e2e)
    _btod_ediv                               0x0800aa07   Thumb Code    40  btod.o(CL$$btod_ediv)
    _btod_emul                               0x0800aa2f   Thumb Code    40  btod.o(CL$$btod_emul)
    __btod_mult_common                       0x0800aa57   Thumb Code   580  btod.o(CL$$btod_mult_common)
    __ARM_fpclassify                         0x0800ac9b   Thumb Code    48  fpclassify.o(i.__ARM_fpclassify)
    _is_digit                                0x0800accb   Thumb Code    14  __printf_wp.o(i._is_digit)
    _get_lc_numeric                          0x0800acd9   Thumb Code    44  lc_numeric_c.o(locale$$code)
    _get_lc_ctype                            0x0800ad05   Thumb Code    44  lc_ctype_c.o(locale$$code)
    __aeabi_d2uiz                            0x0800ad31   Thumb Code     0  dfixu.o(x$fpl$dfixu)
    _dfixu                                   0x0800ad31   Thumb Code    90  dfixu.o(x$fpl$dfixu)
    __aeabi_ui2d                             0x0800ad8b   Thumb Code     0  dflt_clz.o(x$fpl$dfltu)
    _dfltu                                   0x0800ad8b   Thumb Code    38  dflt_clz.o(x$fpl$dfltu)
    __aeabi_dmul                             0x0800adb1   Thumb Code     0  dmul.o(x$fpl$dmul)
    _dmul                                    0x0800adb1   Thumb Code   332  dmul.o(x$fpl$dmul)
    __fpl_dnaninf                            0x0800af05   Thumb Code   156  dnaninf.o(x$fpl$dnaninf)
    __fpl_dretinf                            0x0800afa1   Thumb Code    12  dretinf.o(x$fpl$dretinf)
    _fp_init                                 0x0800afad   Thumb Code    10  fpinit.o(x$fpl$fpinit)
    __fplib_config_fpu_vfp                   0x0800afb5   Thumb Code     0  fpinit.o(x$fpl$fpinit)
    __fplib_config_pureend_doubles           0x0800afb5   Thumb Code     0  fpinit.o(x$fpl$fpinit)
    _printf_fp_dec                           0x0800afb7   Thumb Code     4  printf1.o(x$fpl$printf1)
    __I$use$fp                               0x0800afba   Number         0  usenofp.o(x$fpl$usenofp)
    asc2_1206                                0x0800afe8   Data        1140  lcd.o(.constdata)
    asc2_1608                                0x0800b45c   Data        1520  lcd.o(.constdata)
    asc2_2412                                0x0800ba4c   Data        3420  lcd.o(.constdata)
    FSMC_DefaultTimingStruct                 0x0800c7a8   Data          28  stm32f4xx_fsmc.o(.constdata)
    Region$$Table$$Base                      0x0800c934   Number         0  anon$$obj.o(Region$$Table)
    Region$$Table$$Limit                     0x0800c954   Number         0  anon$$obj.o(Region$$Table)
    __ctype                                  0x0800c97d   Data           0  lc_ctype_c.o(locale$$data)
    SystemCoreClock                          0x20000000   Data           4  system_stm32f4xx.o(.data)
    AHBPrescTable                            0x20000004   Data          16  system_stm32f4xx.o(.data)
    POINT_COLOR                              0x20000016   Data           2  lcd.o(.data)
    BACK_COLOR                               0x20000018   Data           2  lcd.o(.data)
    USART3_RX_STA                            0x2000001a   Data           2  usart3.o(.data)
    __stdout                                 0x20000020   Data           4  usart.o(.data)
    USART_RX_STA                             0x20000024   Data           2  usart.o(.data)
    X                                        0x20000026   Data           1  usart.o(.data)
    Y                                        0x20000027   Data           1  usart.o(.data)
    sys_cmd_tab                              0x2000003c   Data          28  usmart.o(.data)
    usmart_nametab                           0x20000058   Data          32  usmart_config.o(.data)
    usmart_dev                               0x20000078   Data         244  usmart_config.o(.data)
    lcddev                                   0x2000016c   Data          14  lcd.o(.bss)
    USART3_TX_BUF                            0x20000180   Data         400  usart3.o(.bss)
    USART3_RX_BUF                            0x20000310   Data         400  usart3.o(.bss)
    USART_RX_BUF                             0x200004a0   Data         200  usart.o(.bss)
    __libspace_start                         0x20000574   Data          96  libspace.o(.bss)
    __temporary_stack_top$libspace           0x200005d4   Data           0  libspace.o(.bss)



==============================================================================

Memory Map of the image

  Image Entry point : 0x08000189

  Load Region LR_IROM1 (Base: 0x08000000, Size: 0x0000cbec, Max: 0x00100000, ABSOLUTE, COMPRESSED[0x0000cae0])

    Execution Region ER_IROM1 (Base: 0x08000000, Size: 0x0000ca80, Max: 0x00100000, ABSOLUTE)

    Base Addr    Size         Type   Attr      Idx    E Section Name        Object

    0x08000000   0x00000188   Data   RO          534    RESET               startup_stm32f40_41xxx.o
    0x08000188   0x00000008   Code   RO          860  * !!!main             c_w.l(__main.o)
    0x08000190   0x00000034   Code   RO         1138    !!!scatter          c_w.l(__scatter.o)
    0x080001c4   0x0000005a   Code   RO         1136    !!dczerorl2         c_w.l(__dczerorl2.o)
    0x0800021e   0x00000002   PAD
    0x08000220   0x0000001c   Code   RO         1140    !!handler_zi        c_w.l(__scatter_zi.o)
    0x0800023c   0x00000000   Code   RO          853    .ARM.Collect$$_printf_percent$$00000000  c_w.l(_printf_percent.o)
    0x0800023c   0x00000006   Code   RO          902    .ARM.Collect$$_printf_percent$$00000001  c_w.l(_printf_n.o)
    0x08000242   0x00000006   Code   RO          903    .ARM.Collect$$_printf_percent$$00000002  c_w.l(_printf_p.o)
    0x08000248   0x00000006   Code   RO          906    .ARM.Collect$$_printf_percent$$00000003  c_w.l(_printf_f.o)
    0x0800024e   0x00000006   Code   RO          907    .ARM.Collect$$_printf_percent$$00000004  c_w.l(_printf_e.o)
    0x08000254   0x00000006   Code   RO          908    .ARM.Collect$$_printf_percent$$00000005  c_w.l(_printf_g.o)
    0x0800025a   0x00000006   Code   RO          909    .ARM.Collect$$_printf_percent$$00000006  c_w.l(_printf_a.o)
    0x08000260   0x0000000a   Code   RO          914    .ARM.Collect$$_printf_percent$$00000007  c_w.l(_printf_ll.o)
    0x0800026a   0x00000006   Code   RO          905    .ARM.Collect$$_printf_percent$$00000008  c_w.l(_printf_i.o)
    0x08000270   0x00000006   Code   RO          851    .ARM.Collect$$_printf_percent$$00000009  c_w.l(_printf_d.o)
    0x08000276   0x00000006   Code   RO          852    .ARM.Collect$$_printf_percent$$0000000A  c_w.l(_printf_u.o)
    0x0800027c   0x00000006   Code   RO          904    .ARM.Collect$$_printf_percent$$0000000B  c_w.l(_printf_o.o)
    0x08000282   0x00000006   Code   RO          850    .ARM.Collect$$_printf_percent$$0000000C  c_w.l(_printf_x.o)
    0x08000288   0x00000006   Code   RO          911    .ARM.Collect$$_printf_percent$$0000000D  c_w.l(_printf_lli.o)
    0x0800028e   0x00000006   Code   RO          912    .ARM.Collect$$_printf_percent$$0000000E  c_w.l(_printf_lld.o)
    0x08000294   0x00000006   Code   RO          913    .ARM.Collect$$_printf_percent$$0000000F  c_w.l(_printf_llu.o)
    0x0800029a   0x00000006   Code   RO          918    .ARM.Collect$$_printf_percent$$00000010  c_w.l(_printf_llo.o)
    0x080002a0   0x00000006   Code   RO          919    .ARM.Collect$$_printf_percent$$00000011  c_w.l(_printf_llx.o)
    0x080002a6   0x0000000a   Code   RO          915    .ARM.Collect$$_printf_percent$$00000012  c_w.l(_printf_l.o)
    0x080002b0   0x00000006   Code   RO          848    .ARM.Collect$$_printf_percent$$00000013  c_w.l(_printf_c.o)
    0x080002b6   0x00000006   Code   RO          849    .ARM.Collect$$_printf_percent$$00000014  c_w.l(_printf_s.o)
    0x080002bc   0x00000006   Code   RO          916    .ARM.Collect$$_printf_percent$$00000015  c_w.l(_printf_lc.o)
    0x080002c2   0x00000006   Code   RO          917    .ARM.Collect$$_printf_percent$$00000016  c_w.l(_printf_ls.o)
    0x080002c8   0x00000004   Code   RO          910    .ARM.Collect$$_printf_percent$$00000017  c_w.l(_printf_percent_end.o)
    0x080002cc   0x00000002   Code   RO         1002    .ARM.Collect$$libinit$$00000000  c_w.l(libinit.o)
    0x080002ce   0x00000004   Code   RO         1017    .ARM.Collect$$libinit$$00000001  c_w.l(libinit2.o)
    0x080002d2   0x00000000   Code   RO         1020    .ARM.Collect$$libinit$$00000004  c_w.l(libinit2.o)
    0x080002d2   0x00000000   Code   RO         1023    .ARM.Collect$$libinit$$0000000A  c_w.l(libinit2.o)
    0x080002d2   0x00000000   Code   RO         1025    .ARM.Collect$$libinit$$0000000C  c_w.l(libinit2.o)
    0x080002d2   0x00000000   Code   RO         1027    .ARM.Collect$$libinit$$0000000E  c_w.l(libinit2.o)
    0x080002d2   0x00000006   Code   RO         1028    .ARM.Collect$$libinit$$0000000F  c_w.l(libinit2.o)
    0x080002d8   0x00000000   Code   RO         1030    .ARM.Collect$$libinit$$00000011  c_w.l(libinit2.o)
    0x080002d8   0x0000000c   Code   RO         1031    .ARM.Collect$$libinit$$00000012  c_w.l(libinit2.o)
    0x080002e4   0x00000000   Code   RO         1032    .ARM.Collect$$libinit$$00000013  c_w.l(libinit2.o)
    0x080002e4   0x00000000   Code   RO         1034    .ARM.Collect$$libinit$$00000015  c_w.l(libinit2.o)
    0x080002e4   0x0000000a   Code   RO         1035    .ARM.Collect$$libinit$$00000016  c_w.l(libinit2.o)
    0x080002ee   0x00000000   Code   RO         1036    .ARM.Collect$$libinit$$00000017  c_w.l(libinit2.o)
    0x080002ee   0x00000000   Code   RO         1038    .ARM.Collect$$libinit$$00000019  c_w.l(libinit2.o)
    0x080002ee   0x00000000   Code   RO         1040    .ARM.Collect$$libinit$$0000001B  c_w.l(libinit2.o)
    0x080002ee   0x00000000   Code   RO         1042    .ARM.Collect$$libinit$$0000001D  c_w.l(libinit2.o)
    0x080002ee   0x00000000   Code   RO         1044    .ARM.Collect$$libinit$$0000001F  c_w.l(libinit2.o)
    0x080002ee   0x00000000   Code   RO         1046    .ARM.Collect$$libinit$$00000021  c_w.l(libinit2.o)
    0x080002ee   0x00000000   Code   RO         1048    .ARM.Collect$$libinit$$00000023  c_w.l(libinit2.o)
    0x080002ee   0x00000000   Code   RO         1050    .ARM.Collect$$libinit$$00000025  c_w.l(libinit2.o)
    0x080002ee   0x00000000   Code   RO         1054    .ARM.Collect$$libinit$$0000002C  c_w.l(libinit2.o)
    0x080002ee   0x00000000   Code   RO         1056    .ARM.Collect$$libinit$$0000002E  c_w.l(libinit2.o)
    0x080002ee   0x00000000   Code   RO         1058    .ARM.Collect$$libinit$$00000030  c_w.l(libinit2.o)
    0x080002ee   0x00000000   Code   RO         1060    .ARM.Collect$$libinit$$00000032  c_w.l(libinit2.o)
    0x080002ee   0x00000002   Code   RO         1061    .ARM.Collect$$libinit$$00000033  c_w.l(libinit2.o)
    0x080002f0   0x00000002   Code   RO         1079    .ARM.Collect$$libshutdown$$00000000  c_w.l(libshutdown.o)
    0x080002f2   0x00000000   Code   RO         1090    .ARM.Collect$$libshutdown$$00000003  c_w.l(libshutdown2.o)
    0x080002f2   0x00000000   Code   RO         1093    .ARM.Collect$$libshutdown$$00000006  c_w.l(libshutdown2.o)
    0x080002f2   0x00000000   Code   RO         1096    .ARM.Collect$$libshutdown$$00000009  c_w.l(libshutdown2.o)
    0x080002f2   0x00000000   Code   RO         1098    .ARM.Collect$$libshutdown$$0000000B  c_w.l(libshutdown2.o)
    0x080002f2   0x00000000   Code   RO         1101    .ARM.Collect$$libshutdown$$0000000E  c_w.l(libshutdown2.o)
    0x080002f2   0x00000002   Code   RO         1102    .ARM.Collect$$libshutdown$$0000000F  c_w.l(libshutdown2.o)
    0x080002f4   0x00000000   Code   RO          876    .ARM.Collect$$rtentry$$00000000  c_w.l(__rtentry.o)
    0x080002f4   0x00000000   Code   RO          928    .ARM.Collect$$rtentry$$00000002  c_w.l(__rtentry2.o)
    0x080002f4   0x00000006   Code   RO          940    .ARM.Collect$$rtentry$$00000004  c_w.l(__rtentry4.o)
    0x080002fa   0x00000000   Code   RO          930    .ARM.Collect$$rtentry$$00000009  c_w.l(__rtentry2.o)
    0x080002fa   0x00000004   Code   RO          931    .ARM.Collect$$rtentry$$0000000A  c_w.l(__rtentry2.o)
    0x080002fe   0x00000000   Code   RO          933    .ARM.Collect$$rtentry$$0000000C  c_w.l(__rtentry2.o)
    0x080002fe   0x00000008   Code   RO          934    .ARM.Collect$$rtentry$$0000000D  c_w.l(__rtentry2.o)
    0x08000306   0x00000002   Code   RO         1010    .ARM.Collect$$rtexit$$00000000  c_w.l(rtexit.o)
    0x08000308   0x00000000   Code   RO         1063    .ARM.Collect$$rtexit$$00000002  c_w.l(rtexit2.o)
    0x08000308   0x00000004   Code   RO         1064    .ARM.Collect$$rtexit$$00000003  c_w.l(rtexit2.o)
    0x0800030c   0x00000006   Code   RO         1065    .ARM.Collect$$rtexit$$00000004  c_w.l(rtexit2.o)
    0x08000312   0x00000002   PAD
    0x08000314   0x00000844   Code   RO            4    .text               main.o
    0x08000b58   0x0000001a   Code   RO          184    .text               stm32f4xx_it.o
    0x08000b72   0x00000002   PAD
    0x08000b74   0x00000210   Code   RO          237    .text               system_stm32f4xx.o
    0x08000d84   0x00000040   Code   RO          267    .text               led.o
    0x08000dc4   0x00000104   Code   RO          291    .text               key.o
    0x08000ec8   0x00004c80   Code   RO          316    .text               lcd.o
    0x08005b48   0x00000254   Code   RO          358    .text               timer.o
    0x08005d9c   0x00000184   Code   RO          386    .text               usart3.o
    0x08005f20   0x00000274   Code   RO          424    .text               hc05.o
    0x08006194   0x00000104   Code   RO          452    .text               delay.o
    0x08006298   0x000001a4   Code   RO          500    .text               usart.o
    0x0800643c   0x00000040   Code   RO          535    .text               startup_stm32f40_41xxx.o
    0x0800647c   0x000000e0   Code   RO          542    .text               misc.o
    0x0800655c   0x00000294   Code   RO          566    .text               stm32f4xx_gpio.o
    0x080067f0   0x000005c8   Code   RO          590    .text               stm32f4xx_fsmc.o
    0x08006db8   0x0000065c   Code   RO          617    .text               stm32f4xx_rcc.o
    0x08007414   0x00000454   Code   RO          667    .text               stm32f4xx_usart.o
    0x08007868   0x00000ca2   Code   RO          691    .text               stm32f4xx_tim.o
    0x0800850a   0x00000002   PAD
    0x0800850c   0x00000c34   Code   RO          715    .text               usmart.o
    0x08009140   0x00000528   Code   RO          768    .text               usmart_str.o
    0x08009668   0x00000002   Code   RO          791    .text               c_w.l(use_no_semi_2.o)
    0x0800966a   0x00000002   PAD
    0x0800966c   0x00000024   Code   RO          793    .text               c_w.l(c89vsprintf.o)
    0x08009690   0x00000018   Code   RO          795    .text               c_w.l(__2printf.o)
    0x080096a8   0x0000004e   Code   RO          801    .text               c_w.l(_printf_pad.o)
    0x080096f6   0x00000052   Code   RO          803    .text               c_w.l(_printf_str.o)
    0x08009748   0x00000078   Code   RO          805    .text               c_w.l(_printf_dec.o)
    0x080097c0   0x00000094   Code   RO          825    .text               c_w.l(_printf_hex_int_ll_ptr.o)
    0x08009854   0x00000188   Code   RO          845    .text               c_w.l(__printf_flags_ss_wp.o)
    0x080099dc   0x0000003e   Code   RO          854    .text               c_w.l(strlen.o)
    0x08009a1a   0x00000064   Code   RO          856    .text               c_w.l(rt_memcpy_w.o)
    0x08009a7e   0x00000006   Code   RO          858    .text               c_w.l(heapauxi.o)
    0x08009a84   0x00000002   Code   RO          874    .text               c_w.l(use_no_semi.o)
    0x08009a86   0x00000024   Code   RO          877    .text               c_w.l(_printf_truncate.o)
    0x08009aaa   0x000000b2   Code   RO          879    .text               c_w.l(_printf_intcommon.o)
    0x08009b5c   0x00000028   Code   RO          881    .text               c_w.l(_printf_charcount.o)
    0x08009b84   0x00000030   Code   RO          883    .text               c_w.l(_printf_char_common.o)
    0x08009bb4   0x0000000a   Code   RO          885    .text               c_w.l(_sputc.o)
    0x08009bbe   0x0000002c   Code   RO          887    .text               c_w.l(_printf_char.o)
    0x08009bea   0x00000002   PAD
    0x08009bec   0x00000024   Code   RO          889    .text               c_w.l(_printf_char_file.o)
    0x08009c10   0x000000bc   Code   RO          891    .text               c_w.l(_printf_wctomb.o)
    0x08009ccc   0x0000007c   Code   RO          894    .text               c_w.l(_printf_longlong_dec.o)
    0x08009d48   0x00000070   Code   RO          900    .text               c_w.l(_printf_oct_int_ll.o)
    0x08009db8   0x0000008a   Code   RO          942    .text               c_w.l(lludiv10.o)
    0x08009e42   0x0000041a   Code   RO          944    .text               c_w.l(_printf_fp_dec.o)
    0x0800a25c   0x0000002c   Code   RO          948    .text               c_w.l(_printf_wchar.o)
    0x0800a288   0x00000008   Code   RO          950    .text               c_w.l(ferror.o)
    0x0800a290   0x00000040   Code   RO          954    .text               c_w.l(_wcrtomb.o)
    0x0800a2d0   0x0000004a   Code   RO          956    .text               c_w.l(sys_stackheap_outer.o)
    0x0800a31a   0x00000002   PAD
    0x0800a31c   0x00000010   Code   RO          958    .text               c_w.l(rt_ctype_table.o)
    0x0800a32c   0x00000008   Code   RO          963    .text               c_w.l(rt_locale_intlibspace.o)
    0x0800a334   0x00000080   Code   RO          965    .text               c_w.l(_printf_fp_infnan.o)
    0x0800a3b4   0x000000dc   Code   RO          967    .text               c_w.l(bigflt0.o)
    0x0800a490   0x0000000c   Code   RO          995    .text               c_w.l(exit.o)
    0x0800a49c   0x00000008   Code   RO         1007    .text               c_w.l(libspace.o)
    0x0800a4a4   0x00000080   Code   RO         1015    .text               c_w.l(strcmpv7m.o)
    0x0800a524   0x0000003e   Code   RO          970    CL$$btod_d2e        c_w.l(btod.o)
    0x0800a562   0x00000046   Code   RO          972    CL$$btod_d2e_denorm_low  c_w.l(btod.o)
    0x0800a5a8   0x00000060   Code   RO          971    CL$$btod_d2e_norm_op1  c_w.l(btod.o)
    0x0800a608   0x00000338   Code   RO          980    CL$$btod_div_common  c_w.l(btod.o)
    0x0800a940   0x000000c6   Code   RO          977    CL$$btod_e2e        c_w.l(btod.o)
    0x0800aa06   0x00000028   Code   RO          974    CL$$btod_ediv       c_w.l(btod.o)
    0x0800aa2e   0x00000028   Code   RO          973    CL$$btod_emul       c_w.l(btod.o)
    0x0800aa56   0x00000244   Code   RO          979    CL$$btod_mult_common  c_w.l(btod.o)
    0x0800ac9a   0x00000030   Code   RO         1005    i.__ARM_fpclassify  m_wm.l(fpclassify.o)
    0x0800acca   0x0000000e   Code   RO          838    i._is_digit         c_w.l(__printf_wp.o)
    0x0800acd8   0x0000002c   Code   RO          993    locale$$code        c_w.l(lc_numeric_c.o)
    0x0800ad04   0x0000002c   Code   RO         1013    locale$$code        c_w.l(lc_ctype_c.o)
    0x0800ad30   0x0000005a   Code   RO          862    x$fpl$dfixu         fz_wm.l(dfixu.o)
    0x0800ad8a   0x00000026   Code   RO          866    x$fpl$dfltu         fz_wm.l(dflt_clz.o)
    0x0800adb0   0x00000154   Code   RO          872    x$fpl$dmul          fz_wm.l(dmul.o)
    0x0800af04   0x0000009c   Code   RO          920    x$fpl$dnaninf       fz_wm.l(dnaninf.o)
    0x0800afa0   0x0000000c   Code   RO          922    x$fpl$dretinf       fz_wm.l(dretinf.o)
    0x0800afac   0x0000000a   Code   RO         1071    x$fpl$fpinit        fz_wm.l(fpinit.o)
    0x0800afb6   0x00000004   Code   RO          924    x$fpl$printf1       fz_wm.l(printf1.o)
    0x0800afba   0x00000000   Code   RO          926    x$fpl$usenofp       fz_wm.l(usenofp.o)
    0x0800afba   0x00000002   PAD
    0x0800afbc   0x0000002c   Data   RO            5    .constdata          main.o
    0x0800afe8   0x000017c0   Data   RO          318    .constdata          lcd.o
    0x0800c7a8   0x0000001c   Data   RO          591    .constdata          stm32f4xx_fsmc.o
    0x0800c7c4   0x00000028   Data   RO          826    .constdata          c_w.l(_printf_hex_int_ll_ptr.o)
    0x0800c7ec   0x00000011   Data   RO          846    .constdata          c_w.l(__printf_flags_ss_wp.o)
    0x0800c7fd   0x00000003   PAD
    0x0800c800   0x00000008   Data   RO          892    .constdata          c_w.l(_printf_wctomb.o)
    0x0800c808   0x00000094   Data   RO          968    .constdata          c_w.l(bigflt0.o)
    0x0800c89c   0x00000028   Data   RO          716    .conststring        usmart.o
    0x0800c8c4   0x0000006f   Data   RO          743    .conststring        usmart_config.o
    0x0800c933   0x00000001   PAD
    0x0800c934   0x00000020   Data   RO         1134    Region$$Table       anon$$obj.o
    0x0800c954   0x0000001c   Data   RO          992    locale$$data        c_w.l(lc_numeric_c.o)
    0x0800c970   0x00000110   Data   RO         1012    locale$$data        c_w.l(lc_ctype_c.o)


    Execution Region RW_IRAM1 (Base: 0x20000000, Size: 0x00000bd8, Max: 0x00020000, ABSOLUTE, COMPRESSED[0x00000060])

    Base Addr    Size         Type   Attr      Idx    E Section Name        Object

    0x20000000   0x00000014   Data   RW          238    .data               system_stm32f4xx.o
    0x20000014   0x00000001   Data   RW          292    .data               key.o
    0x20000015   0x00000001   PAD
    0x20000016   0x00000004   Data   RW          319    .data               lcd.o
    0x2000001a   0x00000002   Data   RW          388    .data               usart3.o
    0x2000001c   0x00000004   Data   RW          453    .data               delay.o
    0x20000020   0x0000000a   Data   RW          502    .data               usart.o
    0x2000002a   0x00000010   Data   RW          618    .data               stm32f4xx_rcc.o
    0x2000003a   0x00000002   PAD
    0x2000003c   0x0000001c   Data   RW          717    .data               usmart.o
    0x20000058   0x00000114   Data   RW          744    .data               usmart_config.o
    0x2000016c   0x0000000e   Zero   RW          317    .bss                lcd.o
    0x2000017a   0x00000006   PAD
    0x20000180   0x00000320   Zero   RW          387    .bss                usart3.o
    0x200004a0   0x000000d2   Zero   RW          501    .bss                usart.o
    0x20000572   0x00000002   PAD
    0x20000574   0x00000060   Zero   RW         1008    .bss                c_w.l(libspace.o)
    0x200005d4   0x00000004   PAD
    0x200005d8   0x00000200   Zero   RW          533    HEAP                startup_stm32f40_41xxx.o
    0x200007d8   0x00000400   Zero   RW          532    STACK               startup_stm32f40_41xxx.o


==============================================================================

Image component sizes


      Code (inc. data)   RO Data    RW Data    ZI Data      Debug   Object Name

       260          8          0          4          0       1473   delay.o
       628         62          0          0          0       2180   hc05.o
       260         12          0          1          0        888   key.o
     19584        174       6080          4         14      22374   lcd.o
        64          4          0          0          0        547   led.o
      2116        316         44          0          0     291338   main.o
       224         20          0          0          0       1857   misc.o
        64         26        392          0       1536        844   startup_stm32f40_41xxx.o
      1480         18         28          0          0       5674   stm32f4xx_fsmc.o
       660         44          0          0          0       4137   stm32f4xx_gpio.o
        26          0          0          0          0       1242   stm32f4xx_it.o
      1628         52          0         16          0      12940   stm32f4xx_rcc.o
      3234         60          0          0          0      22340   stm32f4xx_tim.o
      1108         34          0          0          0       7836   stm32f4xx_usart.o
       528         46          0         20          0       1839   system_stm32f4xx.o
       596         34          0          0          0       2016   timer.o
       420         28          0         10        210       3914   usart.o
       388         24          0          2        800       2618   usart3.o
      3124       1286         40         28          0       4426   usmart.o
         0          0        111        276          0       1580   usmart_config.o
      1320         12          0          0          0       5205   usmart_str.o

    ----------------------------------------------------------------------
     37716       2260       6728        364       2568     397268   Object Totals
         0          0         32          0          0          0   (incl. Generated)
         4          0          1          3          8          0   (incl. Padding)

    ----------------------------------------------------------------------

      Code (inc. data)   RO Data    RW Data    ZI Data      Debug   Library Member Name

        24          4          0          0          0         84   __2printf.o
        90          0          0          0          0          0   __dczerorl2.o
         8          0          0          0          0         68   __main.o
       392          4         17          0          0         92   __printf_flags_ss_wp.o
        14          0          0          0          0         68   __printf_wp.o
         0          0          0          0          0          0   __rtentry.o
        12          0          0          0          0          0   __rtentry2.o
         6          0          0          0          0          0   __rtentry4.o
        52          8          0          0          0          0   __scatter.o
        28          0          0          0          0          0   __scatter_zi.o
         6          0          0          0          0          0   _printf_a.o
         6          0          0          0          0          0   _printf_c.o
        44          0          0          0          0        108   _printf_char.o
        48          6          0          0          0         96   _printf_char_common.o
        36          4          0          0          0         80   _printf_char_file.o
        40          0          0          0          0         68   _printf_charcount.o
         6          0          0          0          0          0   _printf_d.o
       120         16          0          0          0         92   _printf_dec.o
         6          0          0          0          0          0   _printf_e.o
         6          0          0          0          0          0   _printf_f.o
      1050          0          0          0          0        216   _printf_fp_dec.o
       128         16          0          0          0         84   _printf_fp_infnan.o
         6          0          0          0          0          0   _printf_g.o
       148          4         40          0          0        160   _printf_hex_int_ll_ptr.o
         6          0          0          0          0          0   _printf_i.o
       178          0          0          0          0         88   _printf_intcommon.o
        10          0          0          0          0          0   _printf_l.o
         6          0          0          0          0          0   _printf_lc.o
        10          0          0          0          0          0   _printf_ll.o
         6          0          0          0          0          0   _printf_lld.o
         6          0          0          0          0          0   _printf_lli.o
         6          0          0          0          0          0   _printf_llo.o
         6          0          0          0          0          0   _printf_llu.o
         6          0          0          0          0          0   _printf_llx.o
       124         16          0          0          0         92   _printf_longlong_dec.o
         6          0          0          0          0          0   _printf_ls.o
         6          0          0          0          0          0   _printf_n.o
         6          0          0          0          0          0   _printf_o.o
       112          8          0          0          0        124   _printf_oct_int_ll.o
         6          0          0          0          0          0   _printf_p.o
        78          0          0          0          0        108   _printf_pad.o
         0          0          0          0          0          0   _printf_percent.o
         4          0          0          0          0          0   _printf_percent_end.o
         6          0          0          0          0          0   _printf_s.o
        82          0          0          0          0         80   _printf_str.o
        36          0          0          0          0         84   _printf_truncate.o
         6          0          0          0          0          0   _printf_u.o
        44          0          0          0          0        108   _printf_wchar.o
       188          6          8          0          0         92   _printf_wctomb.o
         6          0          0          0          0          0   _printf_x.o
        10          0          0          0          0         68   _sputc.o
        64          0          0          0          0         92   _wcrtomb.o
       220          4        148          0          0         96   bigflt0.o
      1910        128          0          0          0        672   btod.o
        36          4          0          0          0         76   c89vsprintf.o
        12          0          0          0          0         72   exit.o
         8          0          0          0          0         68   ferror.o
         6          0          0          0          0        152   heapauxi.o
        44         10        272          0          0         76   lc_ctype_c.o
        44         10         28          0          0         76   lc_numeric_c.o
         2          0          0          0          0          0   libinit.o
        34          0          0          0          0          0   libinit2.o
         2          0          0          0          0          0   libshutdown.o
         2          0          0          0          0          0   libshutdown2.o
         8          4          0          0         96         68   libspace.o
       138          0          0          0          0         80   lludiv10.o
        16          4          0          0          0         76   rt_ctype_table.o
         8          4          0          0          0         68   rt_locale_intlibspace.o
       100          0          0          0          0         80   rt_memcpy_w.o
         2          0          0          0          0          0   rtexit.o
        10          0          0          0          0          0   rtexit2.o
       128          0          0          0          0         68   strcmpv7m.o
        62          0          0          0          0         76   strlen.o
        74          0          0          0          0         80   sys_stackheap_outer.o
         2          0          0          0          0         68   use_no_semi.o
         2          0          0          0          0         68   use_no_semi_2.o
        90          4          0          0          0        140   dfixu.o
        38          0          0          0          0        116   dflt_clz.o
       340         12          0          0          0        152   dmul.o
       156          4          0          0          0        140   dnaninf.o
        12          0          0          0          0        116   dretinf.o
        10          0          0          0          0        116   fpinit.o
         4          0          0          0          0        116   printf1.o
         0          0          0          0          0          0   usenofp.o
        48          0          0          0          0        124   fpclassify.o

    ----------------------------------------------------------------------
      6880        280        516          0        100       5192   Library Totals
        12          0          3          0          4          0   (incl. Padding)

    ----------------------------------------------------------------------

      Code (inc. data)   RO Data    RW Data    ZI Data      Debug   Library Name

      6170        260        513          0         96       4172   c_w.l
       650         20          0          0          0        896   fz_wm.l
        48          0          0          0          0        124   m_wm.l

    ----------------------------------------------------------------------
      6880        280        516          0        100       5192   Library Totals

    ----------------------------------------------------------------------

==============================================================================


      Code (inc. data)   RO Data    RW Data    ZI Data      Debug   

     44596       2540       7244        364       2668     395672   Grand Totals
     44596       2540       7244         96       2668     395672   ELF Image Totals (compressed)
     44596       2540       7244         96          0          0   ROM Totals

==============================================================================

    Total RO  Size (Code + RO Data)                51840 (  50.63kB)
    Total RW  Size (RW Data + ZI Data)              3032 (   2.96kB)
    Total ROM Size (Code + RO Data + RW Data)      51936 (  50.72kB)

==============================================================================

