<html>
<body>
<pre>
<h1>礦ision Build Log</h1>
<h2>Tool Versions:</h2>
IDE-Version: μVision V5.14.0.0
Copyright (C) 2015 ARM Ltd and ARM Germany GmbH. All rights reserved.
License Information: 1 2, 3, LIC=R4HGK-Z79PE-33VM1-CCFNJ-3PT15-3AZTW
 
Tool Versions:
Toolchain:       MDK-ARM Professional  Version: 5.14.0.0
Toolchain Path:  D:\Keil_v5\ARM\ARMCC\Bin
C Compiler:      Armcc.exe V5.05 update 1 (build 106)
Assembler:       Armasm.exe V5.05 update 1 (build 106)
Linker/Locator:  ArmLink.exe V5.05 update 1 (build 106)
Library Manager: ArmAr.exe V5.05 update 1 (build 106)
Hex Converter:   FromElf.exe V5.05 update 1 (build 106)
CPU DLL:         SARMCM3.DLL V5.14.0.0
Dialog DLL:      DCM.DLL V1.13.1.0
Target DLL:      Segger\JL2CM3.dll V2.99.13.0
Dialog DLL:      TCM.DLL V1.14.4.0
 
<h2>Project:</h2>
C:\Users\南方有嘉木\Desktop\输入模块407+蓝牙串口\USER\ATK-HC05.uvprojx
Project File Date:  08/03/2019

<h2>Output:</h2>
Build target 'ATK-HC05'
compiling main.c...
main.c(53): warning:  #223-D: function "GPIO_INIT" declared implicitly
        GPIO_INIT();
main.c(54): warning:  #223-D: function "TIM14_PWM_Init" declared implicitly
        TIM14_PWM_Init(199,7199);
main.c(55): warning:  #223-D: function "TIM12_PWM_Init" declared implicitly
    TIM12_PWM_Init(199,7199);
main.c(111): warning:  #223-D: function "TIM1_Delay500MS" declared implicitly
                                                        TIM1_Delay500MS(10);
main.c(120): warning:  #223-D: function "TIM1_Delay500MS" declared implicitly
                                                TIM1_Delay500MS(50); 
main.c: 5 warnings, 0 errors
linking...
Program Size: Code=44596 RO-data=7244 RW-data=364 ZI-data=2668  
FromELF: creating hex file...
"..\OBJ\ATK-HC05.axf" - 0 Error(s), 5 Warning(s).

<h2>Collection of Component include folders:</h2>
  C:\Users\南方有嘉木\Desktop\输入模块407+蓝牙串口\USER\RTE
  D:\Keil_v5\ARM\PACK\Keil\STM32F4xx_DFP\1.0.8\Device\Include

<h2>Collection of Component Files used:</h2>
</pre>
</body>
</html>
